Archive member included because of file (symbol)

/Users/owen/gcc-arm-none-eabi-4_8-2014q1/bin/../lib/gcc/arm-none-eabi/4.8.3/../../../../arm-none-eabi/lib/armv6-m/libstdc++_s.a(del_op.o)
                              ./src/OSC/OSCMessage.o (operator delete(void*))
/Users/owen/gcc-arm-none-eabi-4_8-2014q1/bin/../lib/gcc/arm-none-eabi/4.8.3/../../../../arm-none-eabi/lib/armv6-m/libstdc++_s.a(new_op.o)
                              ./src/OSC/OSCMessage.o (operator new(unsigned int))
/Users/owen/gcc-arm-none-eabi-4_8-2014q1/bin/../lib/gcc/arm-none-eabi/4.8.3/../../../../arm-none-eabi/lib/armv6-m/libstdc++_s.a(new_handler.o)
                              /Users/owen/gcc-arm-none-eabi-4_8-2014q1/bin/../lib/gcc/arm-none-eabi/4.8.3/../../../../arm-none-eabi/lib/armv6-m/libstdc++_s.a(new_op.o) (__new_handler)
/Users/owen/gcc-arm-none-eabi-4_8-2014q1/bin/../lib/gcc/arm-none-eabi/4.8.3/armv6-m/libgcc.a(_udivsi3.o)
                              ./system/src/stm32f0-stdperiph/stm32f0xx_rcc.o (__aeabi_uidiv)
/Users/owen/gcc-arm-none-eabi-4_8-2014q1/bin/../lib/gcc/arm-none-eabi/4.8.3/armv6-m/libgcc.a(_dvmd_tls.o)
                              /Users/owen/gcc-arm-none-eabi-4_8-2014q1/bin/../lib/gcc/arm-none-eabi/4.8.3/armv6-m/libgcc.a(_udivsi3.o) (__aeabi_idiv0)
/Users/owen/gcc-arm-none-eabi-4_8-2014q1/bin/../lib/gcc/arm-none-eabi/4.8.3/../../../../arm-none-eabi/lib/armv6-m/libg_s.a(lib_a-errno.o)
                              ./system/src/newlib/_sbrk.o (__errno)
/Users/owen/gcc-arm-none-eabi-4_8-2014q1/bin/../lib/gcc/arm-none-eabi/4.8.3/../../../../arm-none-eabi/lib/armv6-m/libg_s.a(lib_a-impure.o)
                              /Users/owen/gcc-arm-none-eabi-4_8-2014q1/bin/../lib/gcc/arm-none-eabi/4.8.3/../../../../arm-none-eabi/lib/armv6-m/libg_s.a(lib_a-errno.o) (_impure_ptr)
/Users/owen/gcc-arm-none-eabi-4_8-2014q1/bin/../lib/gcc/arm-none-eabi/4.8.3/../../../../arm-none-eabi/lib/armv6-m/libg_s.a(lib_a-malloc.o)
                              ./src/OSC/OSCData.o (malloc)
/Users/owen/gcc-arm-none-eabi-4_8-2014q1/bin/../lib/gcc/arm-none-eabi/4.8.3/../../../../arm-none-eabi/lib/armv6-m/libg_s.a(lib_a-memcpy-stub.o)
                              ./src/OSC/OSCData.o (memcpy)
/Users/owen/gcc-arm-none-eabi-4_8-2014q1/bin/../lib/gcc/arm-none-eabi/4.8.3/../../../../arm-none-eabi/lib/armv6-m/libg_s.a(lib_a-nano-freer.o)
                              /Users/owen/gcc-arm-none-eabi-4_8-2014q1/bin/../lib/gcc/arm-none-eabi/4.8.3/../../../../arm-none-eabi/lib/armv6-m/libg_s.a(lib_a-malloc.o) (_free_r)
/Users/owen/gcc-arm-none-eabi-4_8-2014q1/bin/../lib/gcc/arm-none-eabi/4.8.3/../../../../arm-none-eabi/lib/armv6-m/libg_s.a(lib_a-nano-mallocr.o)
                              /Users/owen/gcc-arm-none-eabi-4_8-2014q1/bin/../lib/gcc/arm-none-eabi/4.8.3/../../../../arm-none-eabi/lib/armv6-m/libg_s.a(lib_a-malloc.o) (_malloc_r)
/Users/owen/gcc-arm-none-eabi-4_8-2014q1/bin/../lib/gcc/arm-none-eabi/4.8.3/../../../../arm-none-eabi/lib/armv6-m/libg_s.a(lib_a-realloc.o)
                              ./src/OSC/OSCMessage.o (realloc)
/Users/owen/gcc-arm-none-eabi-4_8-2014q1/bin/../lib/gcc/arm-none-eabi/4.8.3/../../../../arm-none-eabi/lib/armv6-m/libg_s.a(lib_a-sbrkr.o)
                              /Users/owen/gcc-arm-none-eabi-4_8-2014q1/bin/../lib/gcc/arm-none-eabi/4.8.3/../../../../arm-none-eabi/lib/armv6-m/libg_s.a(lib_a-nano-mallocr.o) (_sbrk_r)
/Users/owen/gcc-arm-none-eabi-4_8-2014q1/bin/../lib/gcc/arm-none-eabi/4.8.3/../../../../arm-none-eabi/lib/armv6-m/libg_s.a(lib_a-strcmp.o)
                              ./src/OSC/OSCMatch.o (strcmp)
/Users/owen/gcc-arm-none-eabi-4_8-2014q1/bin/../lib/gcc/arm-none-eabi/4.8.3/../../../../arm-none-eabi/lib/armv6-m/libg_s.a(lib_a-strcpy.o)
                              ./src/OSC/OSCData.o (strcpy)
/Users/owen/gcc-arm-none-eabi-4_8-2014q1/bin/../lib/gcc/arm-none-eabi/4.8.3/../../../../arm-none-eabi/lib/armv6-m/libg_s.a(lib_a-strlen.o)
                              ./src/OSC/OSCData.o (strlen)
/Users/owen/gcc-arm-none-eabi-4_8-2014q1/bin/../lib/gcc/arm-none-eabi/4.8.3/../../../../arm-none-eabi/lib/armv6-m/libg_s.a(lib_a-strncmp.o)
                              ./src/OSC/OSCMatch.o (strncmp)
/Users/owen/gcc-arm-none-eabi-4_8-2014q1/bin/../lib/gcc/arm-none-eabi/4.8.3/../../../../arm-none-eabi/lib/armv6-m/libg_s.a(lib_a-strncpy.o)
                              ./src/OSC/OSCData.o (strncpy)
/Users/owen/gcc-arm-none-eabi-4_8-2014q1/bin/../lib/gcc/arm-none-eabi/4.8.3/../../../../arm-none-eabi/lib/armv6-m/libg_s.a(lib_a-nano-reallocr.o)
                              /Users/owen/gcc-arm-none-eabi-4_8-2014q1/bin/../lib/gcc/arm-none-eabi/4.8.3/../../../../arm-none-eabi/lib/armv6-m/libg_s.a(lib_a-realloc.o) (_realloc_r)
/Users/owen/gcc-arm-none-eabi-4_8-2014q1/bin/../lib/gcc/arm-none-eabi/4.8.3/../../../../arm-none-eabi/lib/armv6-m/libg_s.a(lib_a-nano-msizer.o)
[...]
Memory Configuration

Name             Origin             Length             Attributes
RAM              0x0000000020000000 0x0000000000002000 xrw
CCMRAM           0x0000000000000000 0x0000000000000000 xrw
FLASH            0x0000000008000000 0x0000000000010000 xr
FLASHB1          0x0000000000000000 0x0000000000000000 xr
EXTMEMB0         0x0000000000000000 0x0000000000000000 xr
EXTMEMB1         0x0000000000000000 0x0000000000000000 xr
EXTMEMB2         0x0000000000000000 0x0000000000000000 xr
EXTMEMB3         0x0000000000000000 0x0000000000000000 xr
MEMORY_ARRAY     0x0000000000000000 0x0000000000000000 xrw
*default*        0x0000000000000000 0xffffffffffffffff

Linker script and memory map

LOAD ./system/src/stm32f0-stdperiph/stm32f0xx_adc.o
LOAD ./system/src/stm32f0-stdperiph/stm32f0xx_dma.o
LOAD ./system/src/stm32f0-stdperiph/stm32f0xx_gpio.o
LOAD ./system/src/stm32f0-stdperiph/stm32f0xx_misc.o
LOAD ./system/src/stm32f0-stdperiph/stm32f0xx_rcc.o
LOAD ./system/src/stm32f0-stdperiph/stm32f0xx_spi.o
LOAD ./system/src/stm32f0-stdperiph/stm32f0xx_usart.o
LOAD ./system/src/newlib/_cxx.o
LOAD ./system/src/newlib/_exit.o
LOAD ./system/src/newlib/_sbrk.o
LOAD ./system/src/newlib/_startup.o
LOAD ./system/src/newlib/_syscalls.o
LOAD ./system/src/newlib/_write.o
LOAD ./system/src/newlib/assert.o
LOAD ./system/src/diag/Trace.o
LOAD ./system/src/diag/trace_impl.o
LOAD ./system/src/cortexm/_initialize_hardware.o
LOAD ./system/src/cortexm/_reset_hardware.o
LOAD ./system/src/cortexm/exception_handlers.o
LOAD ./system/src/cmsis/system_stm32f0xx.o
LOAD ./system/src/cmsis/vectors_stm32f0xx.o
LOAD ./src/OSC/OSCData.o
LOAD ./src/OSC/OSCMatch.o
LOAD ./src/OSC/OSCMessage.o
LOAD ./src/OSC/OSCTiming.o
LOAD ./src/OSC/SimpleWriter.o
LOAD ./src/BlinkLed.o
LOAD ./src/SLIPEncodedSerial.o
LOAD ./src/Timer.o
LOAD ./src/main.o
LOAD ./src/midi.o
LOAD ./src/spi.o
LOAD ./src/ssd1306.o
LOAD ./src/uart.o
LOAD /Users/owen/gcc-arm-none-eabi-4_8-2014q1/bin/../lib/gcc/arm-none-eabi/4.8.3/../../../../arm-none-eabi/lib/armv6-m/libstdc++_s.a
LOAD /Users/owen/gcc-arm-none-eabi-4_8-2014q1/bin/../lib/gcc/arm-none-eabi/4.8.3/../../../../arm-none-eabi/lib/armv6-m/libm.a
START GROUP
LOAD /Users/owen/gcc-arm-none-eabi-4_8-2014q1/bin/../lib/gcc/arm-none-eabi/4.8.3/armv6-m/libgcc.a
LOAD /Users/owen/gcc-arm-none-eabi-4_8-2014q1/bin/../lib/gcc/arm-none-eabi/4.8.3/../../../../arm-none-eabi/lib/armv6-m/libg_s.a
LOAD /Users/owen/gcc-arm-none-eabi-4_8-2014q1/bin/../lib/gcc/arm-none-eabi/4.8.3/../../../../arm-none-eabi/lib/armv6-m/libc_s.a
END GROUP
START GROUP
LOAD /Users/owen/gcc-arm-none-eabi-4_8-2014q1/bin/../lib/gcc/arm-none-eabi/4.8.3/armv6-m/libgcc.a
LOAD /Users/owen/gcc-arm-none-eabi-4_8-2014q1/bin/../lib/gcc/arm-none-eabi/4.8.3/../../../../arm-none-eabi/lib/armv6-m/libc_s.a
END GROUP
                0x0000000020002000                __stack = (ORIGIN (RAM) + 0x2000)
                0x0000000020002000                _estack = __stack
                0x0000000000000400                __Main_Stack_Size = 0x400
                0x0000000000000400                PROVIDE (_Main_Stack_Size, __Main_Stack_Size)
                0x0000000020001c00                __Main_Stack_Limit = (__stack - __Main_Stack_Size)
                0x0000000020001c00                PROVIDE (_Main_Stack_Limit, __Main_Stack_Limit)
                0x0000000000000100                _Minimum_Stack_Size = 0x100
                0x00000000200009a0                PROVIDE (_Heap_Begin, _end_noinit)
                0x0000000020001c00                PROVIDE (_Heap_Limit, (__stack - __Main_Stack_Size))

.isr_vector     0x0000000008000000      0x1f4
                0x0000000008000000                . = ALIGN (0x4)
 *(.isr_vector)
 .isr_vector    0x0000000008000000       0xc4 ./system/src/cmsis/vectors_stm32f0xx.o
                0x0000000008000000                g_pfnVectors
 *(.cfmconfig)
 *(.after_vectors .after_vectors.*)
 .after_vectors
                0x00000000080000c4      0x110 ./system/src/newlib/_startup.o
                0x00000000080000c4                _start
 .after_vectors
                0x00000000080001d4       0x1c ./system/src/cortexm/exception_handlers.o
                0x00000000080001d4                Reset_Handler
                0x00000000080001dc                NMI_Handler
                0x00000000080001e0                HardFault_Handler
                0x00000000080001e4                SVC_Handler
                0x00000000080001e8                PendSV_Handler
 .after_vectors
                0x00000000080001f0        0x4 ./system/src/cmsis/vectors_stm32f0xx.o
                0x00000000080001f0                TIM1_BRK_UP_TRG_COM_IRQHandler
                0x00000000080001f0                TSC_IRQHandler
                0x00000000080001f0                ADC1_COMP_IRQHandler
                0x00000000080001f0                PVD_IRQHandler
                0x00000000080001f0                I2C1_IRQHandler
                0x00000000080001f0                RCC_CRS_IRQHandler
                0x00000000080001f0                SPI1_IRQHandler
                0x00000000080001f0                TIM6_DAC_IRQHandler
                0x00000000080001f0                USART3_4_IRQHandler
                0x00000000080001f0                EXTI2_3_IRQHandler
                0x00000000080001f0                ADC1_IRQHandler
                0x00000000080001f0                I2C2_IRQHandler
                0x00000000080001f0                TIM17_IRQHandler
                0x00000000080001f0                CEC_CAN_IRQHandler
                0x00000000080001f0                RTC_IRQHandler
                0x00000000080001f0                PVD_VDDIO2_IRQHandler
                0x00000000080001f0                DMA1_Channel4_5_6_7_IRQHandler
                0x00000000080001f0                TIM16_IRQHandler
                0x00000000080001f0                TIM3_IRQHandler
                0x00000000080001f0                EXTI4_15_IRQHandler
                0x00000000080001f0                RCC_IRQHandler
                0x00000000080001f0                DMA1_Channel1_IRQHandler
                0x00000000080001f0                Default_Handler
                0x00000000080001f0                CEC_IRQHandler
                0x00000000080001f0                TIM14_IRQHandler
                0x00000000080001f0                DMA1_Channel4_5_IRQHandler
                0x00000000080001f0                TIM7_IRQHandler
                0x00000000080001f0                TIM15_IRQHandler
                0x00000000080001f0                EXTI0_1_IRQHandler
                0x00000000080001f0                USB_IRQHandler
                0x00000000080001f0                TS_IRQHandler
                0x00000000080001f0                WWDG_IRQHandler
                0x00000000080001f0                TIM2_IRQHandler
                0x00000000080001f0                DMA1_Channel2_3_IRQHandler
                0x00000000080001f0                FLASH_IRQHandler
                0x00000000080001f0                TIM1_CC_IRQHandler
                0x00000000080001f4                . = ALIGN (0x4)

.inits          0x00000000080001f4        0x4
                0x00000000080001f4                . = ALIGN (0x4)
 *(.init)
 *(.fini)
                0x00000000080001f4                . = ALIGN (0x4)
                0x00000000080001f4                PROVIDE (__preinit_array_start, .)
 *(.preinit_array_sysinit .preinit_array_sysinit.*)
 *(.preinit_array_platform .preinit_array_platform.*)
 *(.preinit_array .preinit_array.*)
                0x00000000080001f4                PROVIDE (__preinit_array_end, .)
                0x00000000080001f4                . = ALIGN (0x4)
                0x00000000080001f4                PROVIDE (__init_array_start, .)
 *(SORT(.init_array.*))
 *(.init_array)
 .init_array    0x00000000080001f4        0x4 ./src/main.o
                0x00000000080001f8                PROVIDE (__init_array_end, .)
                0x00000000080001f8                . = ALIGN (0x4)
                0x00000000080001f8                PROVIDE (__fini_array_start, .)
 *(SORT(.fini_array.*))
 *(.fini_array)
                0x00000000080001f8                PROVIDE (__fini_array_end, .)
                0x00000000080001f8                . = ALIGN (0x4)

.flashtext      0x00000000080001f8        0x0
                0x00000000080001f8                . = ALIGN (0x4)
 *(.flashtext .flashtext.*)
                0x00000000080001f8                . = ALIGN (0x4)

.text           0x00000000080001f8     0x4072
                0x00000000080001f8                . = ALIGN (0x4)
 *(.text .text.*)
 .text.ADC_DeInit
                0x00000000080001f8       0x38 ./system/src/stm32f0-stdperiph/stm32f0xx_adc.o
                0x00000000080001f8                ADC_DeInit
 .text.ADC_Init
                0x0000000008000230       0xd8 ./system/src/stm32f0-stdperiph/stm32f0xx_adc.o
                0x0000000008000230                ADC_Init
 .text.ADC_StructInit
                0x0000000008000308       0x10 ./system/src/stm32f0-stdperiph/stm32f0xx_adc.o
                0x0000000008000308                ADC_StructInit
 .text.ADC_Cmd  0x0000000008000318       0x40 ./system/src/stm32f0-stdperiph/stm32f0xx_adc.o
                0x0000000008000318                ADC_Cmd
 .text.ADC_ChannelConfig
                0x0000000008000358       0x50 ./system/src/stm32f0-stdperiph/stm32f0xx_adc.o
                0x0000000008000358                ADC_ChannelConfig
 .text.ADC_GetCalibrationFactor
                0x00000000080003a8       0x4c ./system/src/stm32f0-stdperiph/stm32f0xx_adc.o
                0x00000000080003a8                ADC_GetCalibrationFactor
 .text.ADC_StartOfConversion
                0x00000000080003f4       0x28 ./system/src/stm32f0-stdperiph/stm32f0xx_adc.o
                0x00000000080003f4                ADC_StartOfConversion
 .text.ADC_DMACmd
                0x000000000800041c       0x48 ./system/src/stm32f0-stdperiph/stm32f0xx_adc.o
                0x000000000800041c                ADC_DMACmd
 .text.ADC_DMARequestModeConfig
                0x0000000008000464       0x30 ./system/src/stm32f0-stdperiph/stm32f0xx_adc.o
                0x0000000008000464                ADC_DMARequestModeConfig
 .text.ADC_GetFlagStatus
                0x0000000008000494       0x8c ./system/src/stm32f0-stdperiph/stm32f0xx_adc.o
                0x0000000008000494                ADC_GetFlagStatus
 .text.DMA_DeInit
                0x0000000008000520       0xf8 ./system/src/stm32f0-stdperiph/stm32f0xx_dma.o
                0x0000000008000520                DMA_DeInit
 .text.DMA_Init
                0x0000000008000618      0x168 ./system/src/stm32f0-stdperiph/stm32f0xx_dma.o
                0x0000000008000618                DMA_Init
 .text.DMA_StructInit
                0x0000000008000780       0x1c ./system/src/stm32f0-stdperiph/stm32f0xx_dma.o
                0x0000000008000780                DMA_StructInit
 .text.DMA_Cmd  0x000000000800079c       0x84 ./system/src/stm32f0-stdperiph/stm32f0xx_dma.o
                0x000000000800079c                DMA_Cmd
 .text.DMA_GetFlagStatus
                0x0000000008000820       0xe4 ./system/src/stm32f0-stdperiph/stm32f0xx_dma.o
                0x0000000008000820                DMA_GetFlagStatus
 .text.DMA_ClearFlag
                0x0000000008000904       0x24 ./system/src/stm32f0-stdperiph/stm32f0xx_dma.o
                0x0000000008000904                DMA_ClearFlag
 .text.GPIO_Init
                0x0000000008000928      0x11c ./system/src/stm32f0-stdperiph/stm32f0xx_gpio.o
                0x0000000008000928                GPIO_Init
 .text.GPIO_StructInit
                0x0000000008000a44       0x18 ./system/src/stm32f0-stdperiph/stm32f0xx_gpio.o
                0x0000000008000a44                GPIO_StructInit
 .text.GPIO_ReadInputDataBit
                0x0000000008000a5c       0xc4 ./system/src/stm32f0-stdperiph/stm32f0xx_gpio.o
                0x0000000008000a5c                GPIO_ReadInputDataBit
 .text.GPIO_SetBits
                0x0000000008000b20       0x60 ./system/src/stm32f0-stdperiph/stm32f0xx_gpio.o
                0x0000000008000b20                GPIO_SetBits
 .text.GPIO_ResetBits
                0x0000000008000b80       0x60 ./system/src/stm32f0-stdperiph/stm32f0xx_gpio.o
                0x0000000008000b80                GPIO_ResetBits
 .text.GPIO_PinAFConfig
                0x0000000008000be0       0x94 ./system/src/stm32f0-stdperiph/stm32f0xx_gpio.o
                0x0000000008000be0                GPIO_PinAFConfig
 .text.NVIC_Init
                0x0000000008000c74       0x7c ./system/src/stm32f0-stdperiph/stm32f0xx_misc.o
                0x0000000008000c74                NVIC_Init
 .text.RCC_GetClocksFreq
                0x0000000008000cf0      0x19c ./system/src/stm32f0-stdperiph/stm32f0xx_rcc.o
                0x0000000008000cf0                RCC_GetClocksFreq
 .text.RCC_AHBPeriphClockCmd
                0x0000000008000e8c       0x50 ./system/src/stm32f0-stdperiph/stm32f0xx_rcc.o
                0x0000000008000e8c                RCC_AHBPeriphClockCmd
 .text.RCC_APB2PeriphClockCmd
                0x0000000008000edc       0x50 ./system/src/stm32f0-stdperiph/stm32f0xx_rcc.o
                0x0000000008000edc                RCC_APB2PeriphClockCmd
 .text.RCC_APB1PeriphClockCmd
                0x0000000008000f2c       0x50 ./system/src/stm32f0-stdperiph/stm32f0xx_rcc.o
                0x0000000008000f2c                RCC_APB1PeriphClockCmd
 .text.RCC_APB2PeriphResetCmd
                0x0000000008000f7c       0x50 ./system/src/stm32f0-stdperiph/stm32f0xx_rcc.o
                0x0000000008000f7c                RCC_APB2PeriphResetCmd
 .text.USART_Init
                0x0000000008000fcc      0x1ac ./system/src/stm32f0-stdperiph/stm32f0xx_usart.o
                0x0000000008000fcc                USART_Init
 .text.USART_StructInit
                0x0000000008001178       0x18 ./system/src/stm32f0-stdperiph/stm32f0xx_usart.o
                0x0000000008001178                USART_StructInit
 .text.USART_Cmd
                0x0000000008001190       0x64 ./system/src/stm32f0-stdperiph/stm32f0xx_usart.o
                0x0000000008001190                USART_Cmd
 .text.USART_SendData
                0x00000000080011f4       0x5c ./system/src/stm32f0-stdperiph/stm32f0xx_usart.o
                0x00000000080011f4                USART_SendData
 .text.USART_ReceiveData
                0x0000000008001250       0x44 ./system/src/stm32f0-stdperiph/stm32f0xx_usart.o
                0x0000000008001250                USART_ReceiveData
 .text.USART_ITConfig
                0x0000000008001294      0x104 ./system/src/stm32f0-stdperiph/stm32f0xx_usart.o
                0x0000000008001294                USART_ITConfig
 .text.USART_GetFlagStatus
                0x0000000008001398       0xe8 ./system/src/stm32f0-stdperiph/stm32f0xx_usart.o
                0x0000000008001398                USART_GetFlagStatus
 .text.USART_GetITStatus
                0x0000000008001480      0x114 ./system/src/stm32f0-stdperiph/stm32f0xx_usart.o
                0x0000000008001480                USART_GetITStatus
 .text._exit    0x0000000008001594        0x4 ./system/src/newlib/_exit.o
                0x0000000008001594                _exit
 .text.abort    0x0000000008001598        0x8 ./system/src/newlib/_exit.o
                0x0000000008001598                abort
 .text._sbrk    0x00000000080015a0       0x44 ./system/src/newlib/_sbrk.o
                0x00000000080015a0                _sbrk
 .text.__initialize_args
                0x00000000080015e4       0x10 ./system/src/newlib/_syscalls.o
                0x00000000080015e4                __initialize_args
 .text.assert_failed
                0x00000000080015f4        0x8 ./system/src/newlib/assert.o
                0x00000000080015f4                assert_failed
 .text.__initialize_hardware
                0x00000000080015fc        0x8 ./system/src/cortexm/_initialize_hardware.o
                0x00000000080015fc                __initialize_hardware
 .text.SetSysClock
                0x0000000008001604       0xb4 ./system/src/cmsis/system_stm32f0xx.o
 .text.SystemInit
                0x00000000080016b8       0x64 ./system/src/cmsis/system_stm32f0xx.o
                0x00000000080016b8                SystemInit
 .text._ZN7OSCDataC2EPKc
                0x000000000800171c       0x34 ./src/OSC/OSCData.o
                0x000000000800171c                OSCData::OSCData(char const*)
                0x000000000800171c                OSCData::OSCData(char const*)
 .text._ZN7OSCDataC2El
                0x0000000008001750       0x10 ./src/OSC/OSCData.o
                0x0000000008001750                OSCData::OSCData(long)
                0x0000000008001750                OSCData::OSCData(long)
 .text._ZN7OSCDataC2Ei
                0x0000000008001760       0x10 ./src/OSC/OSCData.o
                0x0000000008001760                OSCData::OSCData(int)
                0x0000000008001760                OSCData::OSCData(int)
 .text._ZN7OSCDataC2Ef
                0x0000000008001770       0x10 ./src/OSC/OSCData.o
                0x0000000008001770                OSCData::OSCData(float)
                0x0000000008001770                OSCData::OSCData(float)
 .text._ZN7OSCDataC2E9osctime_t
                0x0000000008001780       0x24 ./src/OSC/OSCData.o
                0x0000000008001780                OSCData::OSCData(osctime_t)
                0x0000000008001780                OSCData::OSCData(osctime_t)
 .text._ZN7OSCDataC2Ed
                0x00000000080017a4       0x14 ./src/OSC/OSCData.o
                0x00000000080017a4                OSCData::OSCData(double)
                0x00000000080017a4                OSCData::OSCData(double)
 .text._ZN7OSCDataC2EPhi
                0x00000000080017b8       0x70 ./src/OSC/OSCData.o
                0x00000000080017b8                OSCData::OSCData(unsigned char*, int)
                0x00000000080017b8                OSCData::OSCData(unsigned char*, int)
 .text._ZN7OSCDataD2Ev
                0x0000000008001828       0x28 ./src/OSC/OSCData.o
                0x0000000008001828                OSCData::~OSCData()
                0x0000000008001828                OSCData::~OSCData()
 .text._ZN7OSCDataC2Ec
                0x0000000008001850        0xc ./src/OSC/OSCData.o
                0x0000000008001850                OSCData::OSCData(char)
                0x0000000008001850                OSCData::OSCData(char)
 .text._ZN7OSCData6getIntEv
                0x000000000800185c       0x10 ./src/OSC/OSCData.o
                0x000000000800185c                OSCData::getInt()
 .text.osc_match_bracket
                0x000000000800186c       0x58 ./src/OSC/OSCMatch.o
 .text.osc_match_curly_brace
                0x00000000080018c4       0x50 ./src/OSC/OSCMatch.o
 .text.osc_match_single_char
                0x0000000008001914       0x68 ./src/OSC/OSCMatch.o
 .text.osc_match_star_r
                0x000000000800197c       0x7c ./src/OSC/OSCMatch.o
 .text.osc_match_star
                0x00000000080019f8      0x118 ./src/OSC/OSCMatch.o
 .text.osc_match
                0x0000000008001b10      0x108 ./src/OSC/OSCMatch.o
                0x0000000008001b10                osc_match
 .text._ZN10OSCMessage10getOSCDataEi
                0x0000000008001c18       0x18 ./src/OSC/OSCMessage.o
                0x0000000008001c18                OSCMessage::getOSCData(int)
 .text._ZN10OSCMessage9fullMatchEPKci
                0x0000000008001c30       0x1c ./src/OSC/OSCMessage.o
                0x0000000008001c30                OSCMessage::fullMatch(char const*, int)
 .text._ZN10OSCMessage8dispatchEPKcPFvRS_Ei
                0x0000000008001c4c       0x1c ./src/OSC/OSCMessage.o
                0x0000000008001c4c                OSCMessage::dispatch(char const*, void (*)(OSCMessage&), int)
 .text._ZN10OSCMessage10setAddressEPKc
                0x0000000008001c68       0x30 ./src/OSC/OSCMessage.o
                0x0000000008001c68                OSCMessage::setAddress(char const*)
 .text._ZN10OSCMessage8hasErrorEv
                0x0000000008001c98       0x2c ./src/OSC/OSCMessage.o
                0x0000000008001c98                OSCMessage::hasError()
 .text._ZN10OSCMessage6getIntEi
                0x0000000008001cc4       0x20 ./src/OSC/OSCMessage.o
                0x0000000008001cc4                OSCMessage::getInt(int)
 .text._ZN10OSCMessage7getTypeEi
                0x0000000008001ce4       0x1c ./src/OSC/OSCMessage.o
                0x0000000008001ce4                OSCMessage::getType(int)
 .text._ZN10OSCMessage8testTypeEic
                0x0000000008001d00       0x28 ./src/OSC/OSCMessage.o
                0x0000000008001d00                OSCMessage::testType(int, char)
 .text._ZN10OSCMessage5isIntEi
                0x0000000008001d28        0xc ./src/OSC/OSCMessage.o
                0x0000000008001d28                OSCMessage::isInt(int)
 .text._ZN10OSCMessage4sendER12SimpleWriter
                0x0000000008001d34      0x198 ./src/OSC/OSCMessage.o
                0x0000000008001d34                OSCMessage::send(SimpleWriter&)
 .text._ZN10OSCMessage10decodeTypeEh
                0x0000000008001ecc       0x44 ./src/OSC/OSCMessage.o
                0x0000000008001ecc                OSCMessage::decodeType(unsigned char)
 .text._ZN10OSCMessage19addToIncomingBufferEh
                0x0000000008001f10       0x44 ./src/OSC/OSCMessage.o
                0x0000000008001f10                OSCMessage::addToIncomingBuffer(unsigned char)
 .text._ZN10OSCMessage19clearIncomingBufferEv
                0x0000000008001f54       0x28 ./src/OSC/OSCMessage.o
                0x0000000008001f54                OSCMessage::clearIncomingBuffer()
 .text._ZN10OSCMessage12setupMessageEv
                0x0000000008001f7c       0x1c ./src/OSC/OSCMessage.o
                0x0000000008001f7c                OSCMessage::setupMessage()
 .text._ZN10OSCMessageC2EPKc
                0x0000000008001f98       0x18 ./src/OSC/OSCMessage.o
                0x0000000008001f98                OSCMessage::OSCMessage(char const*)
                0x0000000008001f98                OSCMessage::OSCMessage(char const*)
 .text._ZN10OSCMessageC2Ev
                0x0000000008001fb0       0x10 ./src/OSC/OSCMessage.o
                0x0000000008001fb0                OSCMessage::OSCMessage()
                0x0000000008001fb0                OSCMessage::OSCMessage()
 .text._ZN10OSCMessage5emptyEv
                0x0000000008001fc0       0x40 ./src/OSC/OSCMessage.o
                0x0000000008001fc0                OSCMessage::empty()
 .text._ZN10OSCMessageD2Ev
                0x0000000008002000       0x1c ./src/OSC/OSCMessage.o
                0x0000000008002000                OSCMessage::~OSCMessage()
                0x0000000008002000                OSCMessage::~OSCMessage()
 .text._ZN10OSCMessage13decodeAddressEv
                0x000000000800201c       0x18 ./src/OSC/OSCMessage.o
                0x000000000800201c                OSCMessage::decodeAddress()
 .text._ZN10OSCMessage10decodeDataEh
                0x0000000008002034      0x4e0 ./src/OSC/OSCMessage.o
                0x0000000008002034                OSCMessage::decodeData(unsigned char)
 .text._ZN10OSCMessage6decodeEh
                0x0000000008002514       0xc0 ./src/OSC/OSCMessage.o
                0x0000000008002514                OSCMessage::decode(unsigned char)
 .text._ZN10OSCMessage4fillEPhi
                0x00000000080025d4       0x1c ./src/OSC/OSCMessage.o
                0x00000000080025d4                OSCMessage::fill(unsigned char*, int)
 .text._ZN12SimpleWriter5startEv
                0x00000000080025f0        0xc ./src/OSC/SimpleWriter.o
                0x00000000080025f0                SimpleWriter::start()
 .text._ZN12SimpleWriter3endEv
                0x00000000080025fc       0x10 ./src/OSC/SimpleWriter.o
                0x00000000080025fc                SimpleWriter::end()
 .text._ZN12SimpleWriter5writeEh
                0x000000000800260c       0x10 ./src/OSC/SimpleWriter.o
                0x000000000800260c                SimpleWriter::write(unsigned char)
 .text._ZN12SimpleWriter5writeEPKhi
                0x000000000800261c       0x1c ./src/OSC/SimpleWriter.o
                0x000000000800261c                SimpleWriter::write(unsigned char const*, int)
 .text.blink_led_init
                0x0000000008002638       0x84 ./src/BlinkLed.o
                0x0000000008002638                blink_led_init
 .text._ZN17SLIPEncodedSerialC2Ev
                0x00000000080026bc       0x1c ./src/SLIPEncodedSerial.o
                0x00000000080026bc                SLIPEncodedSerial::SLIPEncodedSerial()
                0x00000000080026bc                SLIPEncodedSerial::SLIPEncodedSerial()
 .text._ZN17SLIPEncodedSerial6encodeEh
                0x00000000080026d8       0x50 ./src/SLIPEncodedSerial.o
                0x00000000080026d8                SLIPEncodedSerial::encode(unsigned char)
 .text._ZN17SLIPEncodedSerial6decodeEPKhi
                0x0000000008002728       0x88 ./src/SLIPEncodedSerial.o
                0x0000000008002728                SLIPEncodedSerial::decode(unsigned char const*, int)
 .text._ZN17SLIPEncodedSerial11recvMessageEv
                0x00000000080027b0       0xd0 ./src/SLIPEncodedSerial.o
                0x00000000080027b0                SLIPEncodedSerial::recvMessage()
 .text._ZN17SLIPEncodedSerial11beginPacketEv
                0x0000000008002880       0x10 ./src/SLIPEncodedSerial.o
                0x0000000008002880                SLIPEncodedSerial::beginPacket()
 .text._ZN17SLIPEncodedSerial9endPacketEv
                0x0000000008002890       0x18 ./src/SLIPEncodedSerial.o
                0x0000000008002890                SLIPEncodedSerial::endPacket()
 .text._ZN17SLIPEncodedSerial6encodeEPKhi
                0x00000000080028a8       0x34 ./src/SLIPEncodedSerial.o
                0x00000000080028a8                SLIPEncodedSerial::encode(unsigned char const*, int)
 .text._ZN17SLIPEncodedSerial11sendMessageEPKhm
                0x00000000080028dc       0x24 ./src/SLIPEncodedSerial.o
                0x00000000080028dc                SLIPEncodedSerial::sendMessage(unsigned char const*, unsigned long)
 .text.timer_start
                0x0000000008002900       0x50 ./src/Timer.o
                0x0000000008002900                timer_start
 .text.stopwatchStart
                0x0000000008002950        0xc ./src/Timer.o
                0x0000000008002950                stopwatchStart
 .text.stopwatchReport
                0x000000000800295c        0xc ./src/Timer.o
                0x000000000800295c                stopwatchReport
 .text.timer_tick
                0x0000000008002968       0x34 ./src/Timer.o
                0x0000000008002968                timer_tick
 .text.SysTick_Handler
                0x000000000800299c        0x8 ./src/Timer.o
                0x000000000800299c                SysTick_Handler
 .text._Z8newFrameR10OSCMessage
                0x00000000080029a4       0x14 ./src/main.o
                0x00000000080029a4                newFrame(OSCMessage&)
 .text._Z8shutdownR10OSCMessage
                0x00000000080029b8       0x68 ./src/main.o
                0x00000000080029b8                shutdown(OSCMessage&)
 .text._ZL10DMA_Configv
                0x0000000008002a20       0x68 ./src/main.o
 .text._ZL10ADC_Configv
                0x0000000008002a88      0x118 ./src/main.o
 .text._Z17midiChannelUpdateR10OSCMessage
                0x0000000008002ba0       0x20 ./src/main.o
                0x0000000008002ba0                midiChannelUpdate(OSCMessage&)
 .text._Z10ledControlR10OSCMessage
                0x0000000008002bc0       0x54 ./src/main.o
                0x0000000008002bc0                ledControl(OSCMessage&)
 .text._Z41__static_initialization_and_destruction_0ii
                0x0000000008002c14       0x1c ./src/main.o
 .text._Z12hardwareInitv
                0x0000000008002c30       0x7c ./src/main.o
                0x0000000008002c30                hardwareInit()
 .text._Z6setLEDi
                0x0000000008002cac      0x154 ./src/main.o
                0x0000000008002cac                setLED(int)
 .text._Z8sendMIDIv
                0x0000000008002e00       0x88 ./src/main.o
                0x0000000008002e00                sendMIDI()
 .text._Z9sendKnobsv
                0x0000000008002e88       0xa4 ./src/main.o
                0x0000000008002e88                sendKnobs()
 .text._Z8scanKeysv
                0x0000000008002f2c      0x104 ./src/main.o
                0x0000000008002f2c                scanKeys()
 .text._Z9remapKeysv
                0x0000000008003030       0x54 ./src/main.o
                0x0000000008003030                remapKeys()
 .text._Z16checkForKeyEventv
                0x0000000008003084      0x210 ./src/main.o
                0x0000000008003084                checkForKeyEvent()
 .text._Z11updateKnobsv
                0x0000000008003294       0x38 ./src/main.o
                0x0000000008003294                updateKnobs()
 .text._Z15checkFootSwitchv
                0x00000000080032cc      0x16c ./src/main.o
                0x00000000080032cc                checkFootSwitch()
 .text.main     0x0000000008003438      0x2bc ./src/main.o
                0x0000000008003438                main
 .text._GLOBAL__sub_I_channelIn_
                0x00000000080036f4       0x10 ./src/main.o
 .text.midi_init
                0x0000000008003704       0x60 ./src/midi.o
                0x0000000008003704                midi_init
 .text.handleNoteOff
                0x0000000008003764       0x28 ./src/midi.o
                0x0000000008003764                handleNoteOff
 .text.handleNoteOn
                0x000000000800378c       0x28 ./src/midi.o
                0x000000000800378c                handleNoteOn
 .text.handleSync
                0x00000000080037b4       0x24 ./src/midi.o
                0x00000000080037b4                handleSync
 .text.handleStart
                0x00000000080037d8       0x18 ./src/midi.o
                0x00000000080037d8                handleStart
 .text.handleControlChange
                0x00000000080037f0       0x38 ./src/midi.o
                0x00000000080037f0                handleControlChange
 .text.handleProgramChange
                0x0000000008003828       0x14 ./src/midi.o
                0x0000000008003828                handleProgramChange
 .text.handleContinue
                0x000000000800383c       0x18 ./src/midi.o
                0x000000000800383c                handleContinue
 .text.recvByte
                0x0000000008003854      0x118 ./src/midi.o
                0x0000000008003854                recvByte
 .text.SPI2_IRQHandler
                0x000000000800396c        0x4 ./src/spi.o
                0x000000000800396c                SPI2_IRQHandler
 .text.uart2_init
                0x0000000008003970      0x154 ./src/uart.o
                0x0000000008003970                uart2_init
 .text.uart2_send
                0x0000000008003ac4       0x20 ./src/uart.o
                0x0000000008003ac4                uart2_send
 .text.USART2_IRQHandler
                0x0000000008003ae4       0x38 ./src/uart.o
                0x0000000008003ae4                USART2_IRQHandler
 .text.USART1_IRQHandler
                0x0000000008003b1c       0x38 ./src/uart.o
                0x0000000008003b1c                USART1_IRQHandler
 .text._ZdlPv   0x0000000008003b54        0xc /Users/owen/gcc-arm-none-eabi-4_8-2014q1/bin/../lib/gcc/arm-none-eabi/4.8.3/../../../../arm-none-eabi/lib/armv6-m/libstdc++_s.a(del_op.o)
                0x0000000008003b54                operator delete(void*)
 .text._Znwj    0x0000000008003b60       0x28 /Users/owen/gcc-arm-none-eabi-4_8-2014q1/bin/../lib/gcc/arm-none-eabi/4.8.3/../../../../arm-none-eabi/lib/armv6-m/libstdc++_s.a(new_op.o)
                0x0000000008003b60                operator new(unsigned int)
 .text          0x0000000008003b88       0x9c /Users/owen/gcc-arm-none-eabi-4_8-2014q1/bin/../lib/gcc/arm-none-eabi/4.8.3/armv6-m/libgcc.a(_udivsi3.o)
                0x0000000008003b88                __udivsi3
                0x0000000008003b88                __aeabi_uidiv
                0x0000000008003c10                __aeabi_uidivmod
 .text          0x0000000008003c24        0x4 /Users/owen/gcc-arm-none-eabi-4_8-2014q1/bin/../lib/gcc/arm-none-eabi/4.8.3/armv6-m/libgcc.a(_dvmd_tls.o)
                0x0000000008003c24                __aeabi_ldiv0
                0x0000000008003c24                __aeabi_idiv0
 .text.__errno  0x0000000008003c28        0xc /Users/owen/gcc-arm-none-eabi-4_8-2014q1/bin/../lib/gcc/arm-none-eabi/4.8.3/../../../../arm-none-eabi/lib/armv6-m/libg_s.a(lib_a-errno.o)
                0x0000000008003c28                __errno
 .text.malloc   0x0000000008003c34       0x14 /Users/owen/gcc-arm-none-eabi-4_8-2014q1/bin/../lib/gcc/arm-none-eabi/4.8.3/../../../../arm-none-eabi/lib/armv6-m/libg_s.a(lib_a-malloc.o)
                0x0000000008003c34                malloc
 .text.free     0x0000000008003c48       0x14 /Users/owen/gcc-arm-none-eabi-4_8-2014q1/bin/../lib/gcc/arm-none-eabi/4.8.3/../../../../arm-none-eabi/lib/armv6-m/libg_s.a(lib_a-malloc.o)
                0x0000000008003c48                free
 .text.memcpy   0x0000000008003c5c       0x12 /Users/owen/gcc-arm-none-eabi-4_8-2014q1/bin/../lib/gcc/arm-none-eabi/4.8.3/../../../../arm-none-eabi/lib/armv6-m/libg_s.a(lib_a-memcpy-stub.o)
                0x0000000008003c5c                memcpy
 *fill*         0x0000000008003c6e        0x2 
 .text._free_r  0x0000000008003c70       0x90 /Users/owen/gcc-arm-none-eabi-4_8-2014q1/bin/../lib/gcc/arm-none-eabi/4.8.3/../../../../arm-none-eabi/lib/armv6-m/libg_s.a(lib_a-nano-freer.o)
                0x0000000008003c70                _free_r
 .text._malloc_r
                0x0000000008003d00       0xa8 /Users/owen/gcc-arm-none-eabi-4_8-2014q1/bin/../lib/gcc/arm-none-eabi/4.8.3/../../../../arm-none-eabi/lib/armv6-m/libg_s.a(lib_a-nano-mallocr.o)
                0x0000000008003d00                _malloc_r
 .text.realloc  0x0000000008003da8       0x18 /Users/owen/gcc-arm-none-eabi-4_8-2014q1/bin/../lib/gcc/arm-none-eabi/4.8.3/../../../../arm-none-eabi/lib/armv6-m/libg_s.a(lib_a-realloc.o)
                0x0000000008003da8                realloc
 .text._sbrk_r  0x0000000008003dc0       0x24 /Users/owen/gcc-arm-none-eabi-4_8-2014q1/bin/../lib/gcc/arm-none-eabi/4.8.3/../../../../arm-none-eabi/lib/armv6-m/libg_s.a(lib_a-sbrkr.o)
                0x0000000008003dc0                _sbrk_r
 .text          0x0000000008003de4       0x14 /Users/owen/gcc-arm-none-eabi-4_8-2014q1/bin/../lib/gcc/arm-none-eabi/4.8.3/../../../../arm-none-eabi/lib/armv6-m/libg_s.a(lib_a-strcmp.o)
                0x0000000008003de4                strcmp
 .text.strcpy   0x0000000008003df8       0x10 /Users/owen/gcc-arm-none-eabi-4_8-2014q1/bin/../lib/gcc/arm-none-eabi/4.8.3/../../../../arm-none-eabi/lib/armv6-m/libg_s.a(lib_a-strcpy.o)
                0x0000000008003df8                strcpy
 .text.strlen   0x0000000008003e08        0xe /Users/owen/gcc-arm-none-eabi-4_8-2014q1/bin/../lib/gcc/arm-none-eabi/4.8.3/../../../../arm-none-eabi/lib/armv6-m/libg_s.a(lib_a-strlen.o)
                0x0000000008003e08                strlen
 .text.strncmp  0x0000000008003e16       0x2c /Users/owen/gcc-arm-none-eabi-4_8-2014q1/bin/../lib/gcc/arm-none-eabi/4.8.3/../../../../arm-none-eabi/lib/armv6-m/libg_s.a(lib_a-strncmp.o)
                0x0000000008003e16                strncmp
 .text._realloc_r
                0x0000000008003e42       0x4c /Users/owen/gcc-arm-none-eabi-4_8-2014q1/bin/../lib/gcc/arm-none-eabi/4.8.3/../../../../arm-none-eabi/lib/armv6-m/libg_s.a(lib_a-nano-reallocr.o)
                0x0000000008003e42                _realloc_r
 .text._malloc_usable_size_r
                0x0000000008003e8e       0x12 /Users/owen/gcc-arm-none-eabi-4_8-2014q1/bin/../lib/gcc/arm-none-eabi/4.8.3/../../../../arm-none-eabi/lib/armv6-m/libg_s.a(lib_a-nano-msizer.o)
                0x0000000008003e8e                _malloc_usable_size_r
 *(.rodata .rodata.*)
 .rodata.str1.4
                0x0000000008003ea0       0x30 ./system/src/stm32f0-stdperiph/stm32f0xx_adc.o
 .rodata.str1.4
                0x0000000008003ed0       0x30 ./system/src/stm32f0-stdperiph/stm32f0xx_dma.o
 .rodata.str1.4
                0x0000000008003f00       0x31 ./system/src/stm32f0-stdperiph/stm32f0xx_gpio.o
                                         0x34 (size before relaxing)
 *fill*         0x0000000008003f31        0x3 
 .rodata.str1.4
                0x0000000008003f34       0x31 ./system/src/stm32f0-stdperiph/stm32f0xx_misc.o
                                         0x34 (size before relaxing)
 *fill*         0x0000000008003f65        0x3 
 .rodata.str1.4
                0x0000000008003f68       0x30 ./system/src/stm32f0-stdperiph/stm32f0xx_rcc.o
 .rodata.str1.4
                0x0000000008003f98       0x32 ./system/src/stm32f0-stdperiph/stm32f0xx_usart.o
                                         0x34 (size before relaxing)
 *fill*         0x0000000008003fca        0x2 
 .rodata._ZN10OSCMessage10decodeDataEh
                0x0000000008003fcc       0x4c ./src/OSC/OSCMessage.o
 .rodata._ZN10OSCMessage6decodeEh
                0x0000000008004018       0x1c ./src/OSC/OSCMessage.o
 .rodata.str1.4
                0x0000000008004034       0x44 ./src/main.o
 .rodata.recvByte
                0x0000000008004078      0x1f0 ./src/midi.o
 .rodata.str1.1
                0x0000000008004268        0x2 /Users/owen/gcc-arm-none-eabi-4_8-2014q1/bin/../lib/gcc/arm-none-eabi/4.8.3/../../../../arm-none-eabi/lib/armv6-m/libg_s.a(lib_a-impure.o)
 *(vtable)
 *(.eh_frame*)
 *(.glue_7)
 .glue_7        0x0000000000000000        0x0 linker stubs
 *(.glue_7t)
 .glue_7t       0x0000000000000000        0x0 linker stubs

.vfp11_veneer   0x000000000800426c        0x0
 .vfp11_veneer  0x0000000000000000        0x0 linker stubs

.v4_bx          0x000000000800426c        0x0
 .v4_bx         0x0000000000000000        0x0 linker stubs

.iplt           0x000000000800426c        0x0
 .iplt          0x0000000000000000        0x0 ./system/src/stm32f0-stdperiph/stm32f0xx_adc.o

.rel.dyn        0x000000000800426c        0x0
 .rel.iplt      0x0000000000000000        0x0 ./system/src/stm32f0-stdperiph/stm32f0xx_adc.o

.ARM.extab
 *(.ARM.extab* .gnu.linkonce.armextab.*)
                0x000000000800426c                __exidx_start = .

.ARM.exidx
 *(.ARM.exidx* .gnu.linkonce.armexidx.*)
                0x000000000800426c                __exidx_end = .
                0x000000000800426c                . = ALIGN (0x4)
                0x000000000800426c                _etext = .
                0x000000000800426c                __etext = .
                0x000000000800426c                _sidata = _etext

.data           0x0000000020000000       0x8c load address 0x000000000800426c
                0x0000000020000000                . = ALIGN (0x4)
                0x0000000020000000                _sdata = .
                0x0000000020000000                __data_start__ = .
 *(.data_begin .data_begin.*)
 .data_begin    0x0000000020000000        0x4 ./system/src/newlib/_startup.o
 *(.data .data.*)
 .data.APBAHBPrescTable
                0x0000000020000004       0x10 ./system/src/stm32f0-stdperiph/stm32f0xx_rcc.o
 .data.argv.4458
                0x0000000020000014        0x8 ./system/src/newlib/_syscalls.o
 .data.SystemCoreClock
                0x000000002000001c        0x4 ./system/src/cmsis/system_stm32f0xx.o
                0x000000002000001c                SystemCoreClock
 .data.midi_blob_sent
                0x0000000020000020        0x1 ./src/main.o
                0x0000000020000020                midi_blob_sent
 *fill*         0x0000000020000021        0x3 
 .data.impure_data
                0x0000000020000024       0x60 /Users/owen/gcc-arm-none-eabi-4_8-2014q1/bin/../lib/gcc/arm-none-eabi/4.8.3/../../../../arm-none-eabi/lib/armv6-m/libg_s.a(lib_a-impure.o)
 .data._impure_ptr
                0x0000000020000084        0x4 /Users/owen/gcc-arm-none-eabi-4_8-2014q1/bin/../lib/gcc/arm-none-eabi/4.8.3/../../../../arm-none-eabi/lib/armv6-m/libg_s.a(lib_a-impure.o)
                0x0000000020000084                _impure_ptr
 *(.data_end .data_end.*)
 .data_end      0x0000000020000088        0x4 ./system/src/newlib/_startup.o
                0x000000002000008c                . = ALIGN (0x4)
                0x000000002000008c                _edata = .
                0x000000002000008c                __data_end__ = .

.igot.plt       0x000000002000008c        0x0 load address 0x00000000080042f8
 .igot.plt      0x0000000000000000        0x0 ./system/src/stm32f0-stdperiph/stm32f0xx_adc.o

.bss            0x000000002000008c      0x914 load address 0x00000000080042f8
                0x000000002000008c                . = ALIGN (0x4)
                0x000000002000008c                __bss_start__ = .
                0x000000002000008c                _sbss = .
 *(.bss_begin .bss_begin.*)
 .bss_begin     0x000000002000008c        0x4 ./system/src/newlib/_startup.o
 *(.bss .bss.*)
 .bss.current_heap_end.4286
                0x0000000020000090        0x4 ./system/src/newlib/_sbrk.o
 .bss.name.4457
                0x0000000020000094        0x4 ./system/src/newlib/_syscalls.o
 .bss.led_flash_countdown
                0x0000000020000098        0x4 ./src/Timer.o
                0x0000000020000098                led_flash_countdown
 .bss.recvArg0_
                0x000000002000009c        0x4 ./src/main.o
                0x000000002000009c                recvArg0_
 .bss._ZZ15checkFootSwitchvE13foot_debounce
                0x00000000200000a0        0x4 ./src/main.o
 .bss.sendFullCommands_
                0x00000000200000a4        0x1 ./src/main.o
                0x00000000200000a4                sendFullCommands_
 *fill*         0x00000000200000a5        0x3 
 .bss.oscBuf    0x00000000200000a8      0x104 ./src/main.o
                0x00000000200000a8                oscBuf
 .bss._ZZ15checkFootSwitchvE19foot_debounce_count
                0x00000000200001ac        0x1 ./src/main.o
 *fill*         0x00000000200001ad        0x3 
 .bss.knobValues
                0x00000000200001b0       0x18 ./src/main.o
                0x00000000200001b0                knobValues
 .bss.channelIn_
                0x00000000200001c8        0x4 ./src/main.o
                0x00000000200001c8                channelIn_
 .bss.lastStatusSent_
                0x00000000200001cc        0x4 ./src/main.o
                0x00000000200001cc                lastStatusSent_
 .bss.keyValuesRaw
                0x00000000200001d0        0xc ./src/main.o
                0x00000000200001d0                keyValuesRaw
 .bss.foot_down
                0x00000000200001dc        0x1 ./src/main.o
                0x00000000200001dc                foot_down
 *fill*         0x00000000200001dd        0x3 
 .bss.keyValuesLast
                0x00000000200001e0        0xc ./src/main.o
                0x00000000200001e0                keyValuesLast
 .bss.ledColor  0x00000000200001ec        0x1 ./src/main.o
                0x00000000200001ec                ledColor
 *fill*         0x00000000200001ed        0x3 
 .bss.recvMode_
                0x00000000200001f0        0x4 ./src/main.o
                0x00000000200001f0                recvMode_
 .bss.recvBytesNeeded_
                0x00000000200001f4        0x4 ./src/main.o
                0x00000000200001f4                recvBytesNeeded_
 .bss._ZZ9remapKeysvE10cycleCount
                0x00000000200001f8        0x4 ./src/main.o
 .bss.recvEvent_
                0x00000000200001fc        0x4 ./src/main.o
                0x00000000200001fc                recvEvent_
 .bss.slip      0x0000000020000200      0x518 ./src/main.o
                0x0000000020000200                slip
 .bss.led_override
                0x0000000020000718        0x1 ./src/main.o
                0x0000000020000718                led_override
 *fill*         0x0000000020000719        0x3 
 .bss.RegularConvData_Tab
                0x000000002000071c       0x14 ./src/main.o
                0x000000002000071c                RegularConvData_Tab
 .bss.keyValues
                0x0000000020000730       0x28 ./src/main.o
                0x0000000020000730                keyValues
 .bss._ZZ15checkFootSwitchvE9foot_last
                0x0000000020000758        0x1 ./src/main.o
 *fill*         0x0000000020000759        0x3 
 .bss.recvByteCount_
                0x000000002000075c        0x4 ./src/main.o
                0x000000002000075c                recvByteCount_
 .bss.new_midi_flag
                0x0000000020000760        0x1 ./src/midi.o
                0x0000000020000760                new_midi_flag
 *fill*         0x0000000020000761        0x1 
 .bss.uart1_recv_buf_tail
                0x0000000020000762        0x2 ./src/uart.o
                0x0000000020000762                uart1_recv_buf_tail
 .bss.uart2_recv_buf_tail
                0x0000000020000764        0x2 ./src/uart.o
                0x0000000020000764                uart2_recv_buf_tail
 .bss.uart1_recv_buf_head
                0x0000000020000766        0x2 ./src/uart.o
                0x0000000020000766                uart1_recv_buf_head
 .bss.uart2_recv_buf_head
                0x0000000020000768        0x2 ./src/uart.o
                0x0000000020000768                uart2_recv_buf_head
 *fill*         0x000000002000076a        0x2 
 .bss.__new_handler
                0x000000002000076c        0x4 /Users/owen/gcc-arm-none-eabi-4_8-2014q1/bin/../lib/gcc/arm-none-eabi/4.8.3/../../../../arm-none-eabi/lib/armv6-m/libstdc++_s.a(new_handler.o)
                0x000000002000076c                __new_handler
 .bss.__malloc_sbrk_start
                0x0000000020000770        0x4 /Users/owen/gcc-arm-none-eabi-4_8-2014q1/bin/../lib/gcc/arm-none-eabi/4.8.3/../../../../arm-none-eabi/lib/armv6-m/libg_s.a(lib_a-nano-mallocr.o)
                0x0000000020000770                __malloc_sbrk_start
 .bss.__malloc_free_list
                0x0000000020000774        0x4 /Users/owen/gcc-arm-none-eabi-4_8-2014q1/bin/../lib/gcc/arm-none-eabi/4.8.3/../../../../arm-none-eabi/lib/armv6-m/libg_s.a(lib_a-nano-mallocr.o)
                0x0000000020000774                __malloc_free_list
 *(COMMON)
 COMMON         0x0000000020000778        0x4 ./system/src/newlib/_syscalls.o
                0x0000000020000778                errno
 COMMON         0x000000002000077c        0x8 ./src/Timer.o
                0x000000002000077c                timer_delayCount
                0x0000000020000780                stopwatch
 COMMON         0x0000000020000784       0x17 ./src/midi.o
                0x0000000020000784                midi_blob
 *fill*         0x000000002000079b        0x1 
 COMMON         0x000000002000079c      0x200 ./src/uart.o
                0x000000002000079c                uart1_recv_buf
                0x000000002000089c                uart2_recv_buf
 *(.bss_end .bss_end.*)
 .bss_end       0x000000002000099c        0x4 ./system/src/newlib/_startup.o
                0x00000000200009a0                . = ALIGN (0x4)
                0x00000000200009a0                __bss_end__ = .
                0x00000000200009a0                _ebss = .

.noinit         0x00000000200009a0        0x0
                0x00000000200009a0                . = ALIGN (0x4)
                0x00000000200009a0                _noinit = .
 *(.noinit .noinit.*)
                0x00000000200009a0                . = ALIGN (0x4)
                0x00000000200009a0                _end_noinit = .
                0x00000000200009a0                PROVIDE (end, _end_noinit)
                0x00000000200009a0                PROVIDE (_end, _end_noinit)
                0x00000000200009a0                PROVIDE (__end, _end_noinit)
                0x00000000200009a0                PROVIDE (__end__, _end_noinit)

._check_stack   0x00000000200009a0      0x100 load address 0x0000000008004c0c
                0x00000000200009a0                . = ALIGN (0x4)
                0x0000000020000aa0                . = (. + _Minimum_Stack_Size)
 *fill*         0x00000000200009a0      0x100 
                0x0000000020000aa0                . = ALIGN (0x4)

.bss_CCMRAM
 *(.bss.CCMRAM .bss.CCMRAM.*)

.b1text
 *(.b1text)
 *(.b1rodata)
 *(.b1rodata.*)

.eb0text
 *(.eb0text)
 *(.eb0rodata)
 *(.eb0rodata.*)

.eb1text
 *(.eb1text)
 *(.eb1rodata)
 *(.eb1rodata.*)

.eb2text
 *(.eb2text)
 *(.eb2rodata)
 *(.eb2rodata.*)

.eb3text
 *(.eb3text)
 *(.eb3rodata)
 *(.eb3rodata.*)

.stab
 *(.stab)

.stabstr
 *(.stabstr)

.stab.excl
 *(.stab.excl)

.stab.exclstr
 *(.stab.exclstr)

.stab.index
 *(.stab.index)

.stab.indexstr
 *(.stab.indexstr)

.comment        0x0000000000000000       0x70
 *(.comment)
 .comment       0x0000000000000000       0x70 ./system/src/stm32f0-stdperiph/stm32f0xx_adc.o
                                         0x71 (size before relaxing)
 .comment       0x0000000000000000       0x71 ./system/src/stm32f0-stdperiph/stm32f0xx_dma.o
 .comment       0x0000000000000000       0x71 ./system/src/stm32f0-stdperiph/stm32f0xx_gpio.o
 .comment       0x0000000000000000       0x71 ./system/src/stm32f0-stdperiph/stm32f0xx_misc.o
 .comment       0x0000000000000000       0x71 ./system/src/stm32f0-stdperiph/stm32f0xx_rcc.o
 .comment       0x0000000000000000       0x71 ./system/src/stm32f0-stdperiph/stm32f0xx_usart.o
 .comment       0x0000000000000000       0x71 ./system/src/newlib/_exit.o
 .comment       0x0000000000000000       0x71 ./system/src/newlib/_sbrk.o
 .comment       0x0000000000000000       0x71 ./system/src/newlib/_startup.o
 .comment       0x0000000000000000       0x71 ./system/src/newlib/_syscalls.o
 .comment       0x0000000000000000       0x71 ./system/src/newlib/assert.o
 .comment       0x0000000000000000       0x71 ./system/src/cortexm/_initialize_hardware.o
 .comment       0x0000000000000000       0x71 ./system/src/cortexm/exception_handlers.o
 .comment       0x0000000000000000       0x71 ./system/src/cmsis/system_stm32f0xx.o
 .comment       0x0000000000000000       0x71 ./system/src/cmsis/vectors_stm32f0xx.o
 .comment       0x0000000000000000       0x71 ./src/OSC/OSCData.o
 .comment       0x0000000000000000       0x71 ./src/OSC/OSCMatch.o
 .comment       0x0000000000000000       0x71 ./src/OSC/OSCMessage.o
 .comment       0x0000000000000000       0x71 ./src/OSC/SimpleWriter.o
 .comment       0x0000000000000000       0x71 ./src/BlinkLed.o
 .comment       0x0000000000000000       0x71 ./src/SLIPEncodedSerial.o
 .comment       0x0000000000000000       0x71 ./src/Timer.o
 .comment       0x0000000000000000       0x71 ./src/main.o
 .comment       0x0000000000000000       0x71 ./src/midi.o
 .comment       0x0000000000000000       0x71 ./src/spi.o
 .comment       0x0000000000000000       0x71 ./src/uart.o

.ARM.attributes
                0x0000000000000000       0x2f
 .ARM.attributes
                0x0000000000000000       0x31 ./system/src/stm32f0-stdperiph/stm32f0xx_adc.o
 .ARM.attributes
                0x0000000000000031       0x31 ./system/src/stm32f0-stdperiph/stm32f0xx_dma.o
 .ARM.attributes
                0x0000000000000062       0x31 ./system/src/stm32f0-stdperiph/stm32f0xx_gpio.o
 .ARM.attributes
                0x0000000000000093       0x31 ./system/src/stm32f0-stdperiph/stm32f0xx_misc.o
 .ARM.attributes
                0x00000000000000c4       0x31 ./system/src/stm32f0-stdperiph/stm32f0xx_rcc.o
 .ARM.attributes
                0x00000000000000f5       0x31 ./system/src/stm32f0-stdperiph/stm32f0xx_usart.o
 .ARM.attributes
                0x0000000000000126       0x31 ./system/src/newlib/_exit.o
 .ARM.attributes
                0x0000000000000157       0x31 ./system/src/newlib/_sbrk.o
 .ARM.attributes
                0x0000000000000188       0x31 ./system/src/newlib/_startup.o
 .ARM.attributes
                0x00000000000001b9       0x31 ./system/src/newlib/_syscalls.o
 .ARM.attributes
                0x00000000000001ea       0x31 ./system/src/newlib/assert.o
 .ARM.attributes
                0x000000000000021b       0x31 ./system/src/cortexm/_initialize_hardware.o
 .ARM.attributes
                0x000000000000024c       0x31 ./system/src/cortexm/exception_handlers.o
 .ARM.attributes
                0x000000000000027d       0x31 ./system/src/cmsis/system_stm32f0xx.o
 .ARM.attributes
                0x00000000000002ae       0x31 ./system/src/cmsis/vectors_stm32f0xx.o
 .ARM.attributes
                0x00000000000002df       0x31 ./src/OSC/OSCData.o
 .ARM.attributes
                0x0000000000000310       0x31 ./src/OSC/OSCMatch.o
 .ARM.attributes
                0x0000000000000341       0x31 ./src/OSC/OSCMessage.o
 .ARM.attributes
                0x0000000000000372       0x31 ./src/OSC/SimpleWriter.o
 .ARM.attributes
                0x00000000000003a3       0x31 ./src/BlinkLed.o
 .ARM.attributes
                0x00000000000003d4       0x31 ./src/SLIPEncodedSerial.o
 .ARM.attributes
                0x0000000000000405       0x31 ./src/Timer.o
 .ARM.attributes
                0x0000000000000436       0x31 ./src/main.o
 .ARM.attributes
                0x0000000000000467       0x31 ./src/midi.o
 .ARM.attributes
                0x0000000000000498       0x31 ./src/spi.o
 .ARM.attributes
                0x00000000000004c9       0x31 ./src/uart.o
 .ARM.attributes
                0x00000000000004fa       0x2c /Users/owen/gcc-arm-none-eabi-4_8-2014q1/bin/../lib/gcc/arm-none-eabi/4.8.3/../../../../arm-none-eabi/lib/armv6-m/libstdc++_s.a(del_op.o)
 .ARM.attributes
                0x0000000000000526       0x2c /Users/owen/gcc-arm-none-eabi-4_8-2014q1/bin/../lib/gcc/arm-none-eabi/4.8.3/../../../../arm-none-eabi/lib/armv6-m/libstdc++_s.a(new_op.o)
 .ARM.attributes
                0x0000000000000552       0x2c /Users/owen/gcc-arm-none-eabi-4_8-2014q1/bin/../lib/gcc/arm-none-eabi/4.8.3/../../../../arm-none-eabi/lib/armv6-m/libstdc++_s.a(new_handler.o)
 .ARM.attributes
                0x000000000000057e       0x1e /Users/owen/gcc-arm-none-eabi-4_8-2014q1/bin/../lib/gcc/arm-none-eabi/4.8.3/armv6-m/libgcc.a(_udivsi3.o)
 .ARM.attributes
                0x000000000000059c       0x1e /Users/owen/gcc-arm-none-eabi-4_8-2014q1/bin/../lib/gcc/arm-none-eabi/4.8.3/armv6-m/libgcc.a(_dvmd_tls.o)
 .ARM.attributes
                0x00000000000005ba       0x2c /Users/owen/gcc-arm-none-eabi-4_8-2014q1/bin/../lib/gcc/arm-none-eabi/4.8.3/../../../../arm-none-eabi/lib/armv6-m/libg_s.a(lib_a-errno.o)
 .ARM.attributes
                0x00000000000005e6       0x2c /Users/owen/gcc-arm-none-eabi-4_8-2014q1/bin/../lib/gcc/arm-none-eabi/4.8.3/../../../../arm-none-eabi/lib/armv6-m/libg_s.a(lib_a-impure.o)
 .ARM.attributes
                0x0000000000000612       0x2c /Users/owen/gcc-arm-none-eabi-4_8-2014q1/bin/../lib/gcc/arm-none-eabi/4.8.3/../../../../arm-none-eabi/lib/armv6-m/libg_s.a(lib_a-malloc.o)
 .ARM.attributes
                0x000000000000063e       0x2c /Users/owen/gcc-arm-none-eabi-4_8-2014q1/bin/../lib/gcc/arm-none-eabi/4.8.3/../../../../arm-none-eabi/lib/armv6-m/libg_s.a(lib_a-memcpy-stub.o)
 .ARM.attributes
                0x000000000000066a       0x2c /Users/owen/gcc-arm-none-eabi-4_8-2014q1/bin/../lib/gcc/arm-none-eabi/4.8.3/../../../../arm-none-eabi/lib/armv6-m/libg_s.a(lib_a-nano-freer.o)
 .ARM.attributes
                0x0000000000000696       0x2c /Users/owen/gcc-arm-none-eabi-4_8-2014q1/bin/../lib/gcc/arm-none-eabi/4.8.3/../../../../arm-none-eabi/lib/armv6-m/libg_s.a(lib_a-nano-mallocr.o)
 .ARM.attributes
                0x00000000000006c2       0x2c /Users/owen/gcc-arm-none-eabi-4_8-2014q1/bin/../lib/gcc/arm-none-eabi/4.8.3/../../../../arm-none-eabi/lib/armv6-m/libg_s.a(lib_a-realloc.o)
 .ARM.attributes
                0x00000000000006ee       0x2c /Users/owen/gcc-arm-none-eabi-4_8-2014q1/bin/../lib/gcc/arm-none-eabi/4.8.3/../../../../arm-none-eabi/lib/armv6-m/libg_s.a(lib_a-sbrkr.o)
 .ARM.attributes
                0x000000000000071a       0x1c /Users/owen/gcc-arm-none-eabi-4_8-2014q1/bin/../lib/gcc/arm-none-eabi/4.8.3/../../../../arm-none-eabi/lib/armv6-m/libg_s.a(lib_a-strcmp.o)
 .ARM.attributes
                0x0000000000000736       0x2c /Users/owen/gcc-arm-none-eabi-4_8-2014q1/bin/../lib/gcc/arm-none-eabi/4.8.3/../../../../arm-none-eabi/lib/armv6-m/libg_s.a(lib_a-strcpy.o)
 .ARM.attributes
                0x0000000000000762       0x2c /Users/owen/gcc-arm-none-eabi-4_8-2014q1/bin/../lib/gcc/arm-none-eabi/4.8.3/../../../../arm-none-eabi/lib/armv6-m/libg_s.a(lib_a-strlen.o)
 .ARM.attributes
                0x000000000000078e       0x2c /Users/owen/gcc-arm-none-eabi-4_8-2014q1/bin/../lib/gcc/arm-none-eabi/4.8.3/../../../../arm-none-eabi/lib/armv6-m/libg_s.a(lib_a-strncmp.o)
 .ARM.attributes
                0x00000000000007ba       0x2c /Users/owen/gcc-arm-none-eabi-4_8-2014q1/bin/../lib/gcc/arm-none-eabi/4.8.3/../../../../arm-none-eabi/lib/armv6-m/libg_s.a(lib_a-nano-reallocr.o)
 .ARM.attributes
                0x00000000000007e6       0x2c /Users/owen/gcc-arm-none-eabi-4_8-2014q1/bin/../lib/gcc/arm-none-eabi/4.8.3/../../../../arm-none-eabi/lib/armv6-m/libg_s.a(lib_a-nano-msizer.o)

.debug
 *(.debug)

.line
 *(.line)

.debug_srcinfo
 *(.debug_srcinfo)

.debug_sfnames
 *(.debug_sfnames)

.debug_aranges  0x0000000000000000      0xd28
 *(.debug_aranges)
 .debug_aranges
                0x0000000000000000      0x108 ./system/src/stm32f0-stdperiph/stm32f0xx_adc.o
 .debug_aranges
                0x0000000000000108       0x70 ./system/src/stm32f0-stdperiph/stm32f0xx_dma.o
 .debug_aranges
                0x0000000000000178       0x80 ./system/src/stm32f0-stdperiph/stm32f0xx_gpio.o
 .debug_aranges
                0x00000000000001f8       0x30 ./system/src/stm32f0-stdperiph/stm32f0xx_misc.o
 .debug_aranges
                0x0000000000000228      0x160 ./system/src/stm32f0-stdperiph/stm32f0xx_rcc.o
 .debug_aranges
                0x0000000000000388      0x1a0 ./system/src/stm32f0-stdperiph/stm32f0xx_usart.o
 .debug_aranges
                0x0000000000000528       0x28 ./system/src/newlib/_exit.o
 .debug_aranges
                0x0000000000000550       0x20 ./system/src/newlib/_sbrk.o
 .debug_aranges
                0x0000000000000570       0x40 ./system/src/newlib/_startup.o
 .debug_aranges
                0x00000000000005b0       0xd0 ./system/src/newlib/_syscalls.o
 .debug_aranges
                0x0000000000000680       0x28 ./system/src/newlib/assert.o
 .debug_aranges
                0x00000000000006a8       0x20 ./system/src/cortexm/_initialize_hardware.o
 .debug_aranges
                0x00000000000006c8       0x48 ./system/src/cortexm/exception_handlers.o
 .debug_aranges
                0x0000000000000710       0x30 ./system/src/cmsis/system_stm32f0xx.o
 .debug_aranges
                0x0000000000000740       0x20 ./system/src/cmsis/vectors_stm32f0xx.o
 .debug_aranges
                0x0000000000000760       0xa8 ./src/OSC/OSCData.o
 .debug_aranges
                0x0000000000000808       0x48 ./src/OSC/OSCMatch.o
 .debug_aranges
                0x0000000000000850      0x180 ./src/OSC/OSCMessage.o
 .debug_aranges
                0x00000000000009d0       0x38 ./src/OSC/SimpleWriter.o
 .debug_aranges
                0x0000000000000a08       0x20 ./src/BlinkLed.o
 .debug_aranges
                0x0000000000000a28       0x58 ./src/SLIPEncodedSerial.o
 .debug_aranges
                0x0000000000000a80       0x48 ./src/Timer.o
 .debug_aranges
                0x0000000000000ac8       0xa8 ./src/main.o
 .debug_aranges
                0x0000000000000b70      0x138 ./src/midi.o
 .debug_aranges
                0x0000000000000ca8       0x28 ./src/spi.o
 .debug_aranges
                0x0000000000000cd0       0x58 ./src/uart.o

.debug_pubnames
 *(.debug_pubnames)

.debug_info     0x0000000000000000    0x11075
 *(.debug_info .gnu.linkonce.wi.*)
 .debug_info    0x0000000000000000      0xfd9 ./system/src/stm32f0-stdperiph/stm32f0xx_adc.o
 .debug_info    0x0000000000000fd9      0x6da ./system/src/stm32f0-stdperiph/stm32f0xx_dma.o
 .debug_info    0x00000000000016b3      0xa38 ./system/src/stm32f0-stdperiph/stm32f0xx_gpio.o
 .debug_info    0x00000000000020eb      0x41c ./system/src/stm32f0-stdperiph/stm32f0xx_misc.o
 .debug_info    0x0000000000002507      0xf39 ./system/src/stm32f0-stdperiph/stm32f0xx_rcc.o
 .debug_info    0x0000000000003440     0x1b10 ./system/src/stm32f0-stdperiph/stm32f0xx_usart.o
 .debug_info    0x0000000000004f50       0xee ./system/src/newlib/_exit.o
 .debug_info    0x000000000000503e      0x125 ./system/src/newlib/_sbrk.o
 .debug_info    0x0000000000005163      0x469 ./system/src/newlib/_startup.o
 .debug_info    0x00000000000055cc      0x8f3 ./system/src/newlib/_syscalls.o
 .debug_info    0x0000000000005ebf      0x17e ./system/src/newlib/assert.o
 .debug_info    0x000000000000603d       0x9d ./system/src/cortexm/_initialize_hardware.o
 .debug_info    0x00000000000060da       0xa5 ./system/src/cortexm/exception_handlers.o
 .debug_info    0x000000000000617f      0x309 ./system/src/cmsis/system_stm32f0xx.o
 .debug_info    0x0000000000006488       0x92 ./system/src/cmsis/vectors_stm32f0xx.o
 .debug_info    0x000000000000651a      0xbed ./src/OSC/OSCData.o
 .debug_info    0x0000000000007107      0x4f4 ./src/OSC/OSCMatch.o
 .debug_info    0x00000000000075fb     0x3c94 ./src/OSC/OSCMessage.o
 .debug_info    0x000000000000b28f      0x23a ./src/OSC/SimpleWriter.o
 .debug_info    0x000000000000b4c9      0x412 ./src/BlinkLed.o
 .debug_info    0x000000000000b8db      0x54f ./src/SLIPEncodedSerial.o
 .debug_info    0x000000000000be2a      0x4aa ./src/Timer.o
 .debug_info    0x000000000000c2d4     0x313c ./src/main.o
 .debug_info    0x000000000000f410      0xa57 ./src/midi.o
 .debug_info    0x000000000000fe67      0x70d ./src/spi.o
 .debug_info    0x0000000000010574      0xb01 ./src/uart.o

.debug_abbrev   0x0000000000000000     0x2e31
 *(.debug_abbrev)
 .debug_abbrev  0x0000000000000000      0x1b9 ./system/src/stm32f0-stdperiph/stm32f0xx_adc.o
 .debug_abbrev  0x00000000000001b9      0x196 ./system/src/stm32f0-stdperiph/stm32f0xx_dma.o
 .debug_abbrev  0x000000000000034f      0x1db ./system/src/stm32f0-stdperiph/stm32f0xx_gpio.o
 .debug_abbrev  0x000000000000052a      0x16e ./system/src/stm32f0-stdperiph/stm32f0xx_misc.o
 .debug_abbrev  0x0000000000000698      0x23e ./system/src/stm32f0-stdperiph/stm32f0xx_rcc.o
 .debug_abbrev  0x00000000000008d6      0x1d2 ./system/src/stm32f0-stdperiph/stm32f0xx_usart.o
 .debug_abbrev  0x0000000000000aa8       0xb7 ./system/src/newlib/_exit.o
 .debug_abbrev  0x0000000000000b5f       0xbb ./system/src/newlib/_sbrk.o
 .debug_abbrev  0x0000000000000c1a      0x1da ./system/src/newlib/_startup.o
 .debug_abbrev  0x0000000000000df4      0x178 ./system/src/newlib/_syscalls.o
 .debug_abbrev  0x0000000000000f6c       0xb6 ./system/src/newlib/assert.o
 .debug_abbrev  0x0000000000001022       0x63 ./system/src/cortexm/_initialize_hardware.o
 .debug_abbrev  0x0000000000001085       0x65 ./system/src/cortexm/exception_handlers.o
 .debug_abbrev  0x00000000000010ea      0x146 ./system/src/cmsis/system_stm32f0xx.o
 .debug_abbrev  0x0000000000001230       0x92 ./system/src/cmsis/vectors_stm32f0xx.o
 .debug_abbrev  0x00000000000012c2      0x2d5 ./src/OSC/OSCData.o
 .debug_abbrev  0x0000000000001597      0x17c ./src/OSC/OSCMatch.o
 .debug_abbrev  0x0000000000001713      0x54d ./src/OSC/OSCMessage.o
 .debug_abbrev  0x0000000000001c60      0x162 ./src/OSC/SimpleWriter.o
 .debug_abbrev  0x0000000000001dc2      0x16d ./src/BlinkLed.o
 .debug_abbrev  0x0000000000001f2f      0x23e ./src/SLIPEncodedSerial.o
 .debug_abbrev  0x000000000000216d      0x1cf ./src/Timer.o
 .debug_abbrev  0x000000000000233c      0x5d0 ./src/main.o
 .debug_abbrev  0x000000000000290c      0x1b6 ./src/midi.o
 .debug_abbrev  0x0000000000002ac2      0x174 ./src/spi.o
 .debug_abbrev  0x0000000000002c36      0x1fb ./src/uart.o

.debug_line     0x0000000000000000     0x838a
 *(.debug_line)
 .debug_line    0x0000000000000000      0x872 ./system/src/stm32f0-stdperiph/stm32f0xx_adc.o
 .debug_line    0x0000000000000872      0x5d6 ./system/src/stm32f0-stdperiph/stm32f0xx_dma.o
 .debug_line    0x0000000000000e48      0x628 ./system/src/stm32f0-stdperiph/stm32f0xx_gpio.o
 .debug_line    0x0000000000001470      0x47f ./system/src/stm32f0-stdperiph/stm32f0xx_misc.o
 .debug_line    0x00000000000018ef      0x931 ./system/src/stm32f0-stdperiph/stm32f0xx_rcc.o
 .debug_line    0x0000000000002220      0xb57 ./system/src/stm32f0-stdperiph/stm32f0xx_usart.o
 .debug_line    0x0000000000002d77      0x271 ./system/src/newlib/_exit.o
 .debug_line    0x0000000000002fe8      0x224 ./system/src/newlib/_sbrk.o
 .debug_line    0x000000000000320c      0x2e7 ./system/src/newlib/_startup.o
 .debug_line    0x00000000000034f3      0x495 ./system/src/newlib/_syscalls.o
 .debug_line    0x0000000000003988      0x296 ./system/src/newlib/assert.o
 .debug_line    0x0000000000003c1e      0x438 ./system/src/cortexm/_initialize_hardware.o
 .debug_line    0x0000000000004056       0x97 ./system/src/cortexm/exception_handlers.o
 .debug_line    0x00000000000040ed      0x489 ./system/src/cmsis/system_stm32f0xx.o
 .debug_line    0x0000000000004576       0x89 ./system/src/cmsis/vectors_stm32f0xx.o
 .debug_line    0x00000000000045ff      0x472 ./src/OSC/OSCData.o
 .debug_line    0x0000000000004a71      0x483 ./src/OSC/OSCMatch.o
 .debug_line    0x0000000000004ef4      0x9b9 ./src/OSC/OSCMessage.o
 .debug_line    0x00000000000058ad      0x28a ./src/OSC/SimpleWriter.o
 .debug_line    0x0000000000005b37      0x42e ./src/BlinkLed.o
 .debug_line    0x0000000000005f65      0x52b ./src/SLIPEncodedSerial.o
 .debug_line    0x0000000000006490      0x4cb ./src/Timer.o
 .debug_line    0x000000000000695b      0x9ad ./src/main.o
 .debug_line    0x0000000000007308      0x75b ./src/midi.o
 .debug_line    0x0000000000007a63      0x440 ./src/spi.o
 .debug_line    0x0000000000007ea3      0x4e7 ./src/uart.o

.debug_frame    0x0000000000000000     0x25ac
 *(.debug_frame)
 .debug_frame   0x0000000000000000      0x32c ./system/src/stm32f0-stdperiph/stm32f0xx_adc.o
 .debug_frame   0x000000000000032c      0x120 ./system/src/stm32f0-stdperiph/stm32f0xx_dma.o
 .debug_frame   0x000000000000044c      0x168 ./system/src/stm32f0-stdperiph/stm32f0xx_gpio.o
 .debug_frame   0x00000000000005b4       0x60 ./system/src/stm32f0-stdperiph/stm32f0xx_misc.o
 .debug_frame   0x0000000000000614      0x3f8 ./system/src/stm32f0-stdperiph/stm32f0xx_rcc.o
 .debug_frame   0x0000000000000a0c      0x558 ./system/src/stm32f0-stdperiph/stm32f0xx_usart.o
 .debug_frame   0x0000000000000f64       0x38 ./system/src/newlib/_exit.o
 .debug_frame   0x0000000000000f9c       0x28 ./system/src/newlib/_sbrk.o
 .debug_frame   0x0000000000000fc4       0x84 ./system/src/newlib/_startup.o
 .debug_frame   0x0000000000001048      0x230 ./system/src/newlib/_syscalls.o
 .debug_frame   0x0000000000001278       0x40 ./system/src/newlib/assert.o
 .debug_frame   0x00000000000012b8       0x28 ./system/src/cortexm/_initialize_hardware.o
 .debug_frame   0x00000000000012e0       0x78 ./system/src/cortexm/exception_handlers.o
 .debug_frame   0x0000000000001358       0x54 ./system/src/cmsis/system_stm32f0xx.o
 .debug_frame   0x00000000000013ac       0x20 ./system/src/cmsis/vectors_stm32f0xx.o
 .debug_frame   0x00000000000013cc      0x190 ./src/OSC/OSCData.o
 .debug_frame   0x000000000000155c       0xcc ./src/OSC/OSCMatch.o
 .debug_frame   0x0000000000001628      0x4cc ./src/OSC/OSCMessage.o
 .debug_frame   0x0000000000001af4       0x5c ./src/OSC/SimpleWriter.o
 .debug_frame   0x0000000000001b50       0x38 ./src/BlinkLed.o
 .debug_frame   0x0000000000001b88       0xe8 ./src/SLIPEncodedSerial.o
 .debug_frame   0x0000000000001c70       0x80 ./src/Timer.o
 .debug_frame   0x0000000000001cf0      0x210 ./src/main.o
 .debug_frame   0x0000000000001f00      0x308 ./src/midi.o
 .debug_frame   0x0000000000002208       0x4c ./src/spi.o
 .debug_frame   0x0000000000002254       0xdc ./src/uart.o
 .debug_frame   0x0000000000002330       0x28 /Users/owen/gcc-arm-none-eabi-4_8-2014q1/bin/../lib/gcc/arm-none-eabi/4.8.3/../../../../arm-none-eabi/lib/armv6-m/libstdc++_s.a(del_op.o)
 .debug_frame   0x0000000000002358       0x28 /Users/owen/gcc-arm-none-eabi-4_8-2014q1/bin/../lib/gcc/arm-none-eabi/4.8.3/../../../../arm-none-eabi/lib/armv6-m/libstdc++_s.a(new_op.o)
 .debug_frame   0x0000000000002380       0x20 /Users/owen/gcc-arm-none-eabi-4_8-2014q1/bin/../lib/gcc/arm-none-eabi/4.8.3/../../../../arm-none-eabi/lib/armv6-m/libstdc++_s.a(new_handler.o)
 .debug_frame   0x00000000000023a0       0x20 /Users/owen/gcc-arm-none-eabi-4_8-2014q1/bin/../lib/gcc/arm-none-eabi/4.8.3/armv6-m/libgcc.a(_udivsi3.o)
 .debug_frame   0x00000000000023c0       0x20 /Users/owen/gcc-arm-none-eabi-4_8-2014q1/bin/../lib/gcc/arm-none-eabi/4.8.3/../../../../arm-none-eabi/lib/armv6-m/libg_s.a(lib_a-errno.o)
 .debug_frame   0x00000000000023e0       0x40 /Users/owen/gcc-arm-none-eabi-4_8-2014q1/bin/../lib/gcc/arm-none-eabi/4.8.3/../../../../arm-none-eabi/lib/armv6-m/libg_s.a(lib_a-malloc.o)
 .debug_frame   0x0000000000002420       0x28 /Users/owen/gcc-arm-none-eabi-4_8-2014q1/bin/../lib/gcc/arm-none-eabi/4.8.3/../../../../arm-none-eabi/lib/armv6-m/libg_s.a(lib_a-memcpy-stub.o)
 .debug_frame   0x0000000000002448       0x2c /Users/owen/gcc-arm-none-eabi-4_8-2014q1/bin/../lib/gcc/arm-none-eabi/4.8.3/../../../../arm-none-eabi/lib/armv6-m/libg_s.a(lib_a-nano-freer.o)
 .debug_frame   0x0000000000002474       0x2c /Users/owen/gcc-arm-none-eabi-4_8-2014q1/bin/../lib/gcc/arm-none-eabi/4.8.3/../../../../arm-none-eabi/lib/armv6-m/libg_s.a(lib_a-nano-mallocr.o)
 .debug_frame   0x00000000000024a0       0x28 /Users/owen/gcc-arm-none-eabi-4_8-2014q1/bin/../lib/gcc/arm-none-eabi/4.8.3/../../../../arm-none-eabi/lib/armv6-m/libg_s.a(lib_a-realloc.o)
 .debug_frame   0x00000000000024c8       0x2c /Users/owen/gcc-arm-none-eabi-4_8-2014q1/bin/../lib/gcc/arm-none-eabi/4.8.3/../../../../arm-none-eabi/lib/armv6-m/libg_s.a(lib_a-sbrkr.o)
 .debug_frame   0x00000000000024f4       0x20 /Users/owen/gcc-arm-none-eabi-4_8-2014q1/bin/../lib/gcc/arm-none-eabi/4.8.3/../../../../arm-none-eabi/lib/armv6-m/libg_s.a(lib_a-strcpy.o)
 .debug_frame   0x0000000000002514       0x20 /Users/owen/gcc-arm-none-eabi-4_8-2014q1/bin/../lib/gcc/arm-none-eabi/4.8.3/../../../../arm-none-eabi/lib/armv6-m/libg_s.a(lib_a-strlen.o)
 .debug_frame   0x0000000000002534       0x28 /Users/owen/gcc-arm-none-eabi-4_8-2014q1/bin/../lib/gcc/arm-none-eabi/4.8.3/../../../../arm-none-eabi/lib/armv6-m/libg_s.a(lib_a-strncmp.o)
 .debug_frame   0x000000000000255c       0x30 /Users/owen/gcc-arm-none-eabi-4_8-2014q1/bin/../lib/gcc/arm-none-eabi/4.8.3/../../../../arm-none-eabi/lib/armv6-m/libg_s.a(lib_a-nano-reallocr.o)
 .debug_frame   0x000000000000258c       0x20 /Users/owen/gcc-arm-none-eabi-4_8-2014q1/bin/../lib/gcc/arm-none-eabi/4.8.3/../../../../arm-none-eabi/lib/armv6-m/libg_s.a(lib_a-nano-msizer.o)

.debug_str      0x0000000000000000    0x49488
 *(.debug_str)
 .debug_str     0x0000000000000000    0x3f04a ./system/src/stm32f0-stdperiph/stm32f0xx_adc.o
                                      0x3f1ef (size before relaxing)
 .debug_str     0x000000000003f04a      0x4ab ./system/src/stm32f0-stdperiph/stm32f0xx_dma.o
                                      0x3f22e (size before relaxing)
 .debug_str     0x000000000003f4f5      0x270 ./system/src/stm32f0-stdperiph/stm32f0xx_gpio.o
                                      0x3f060 (size before relaxing)
 .debug_str     0x000000000003f765      0x14d ./system/src/stm32f0-stdperiph/stm32f0xx_misc.o
                                      0x3eea4 (size before relaxing)
 .debug_str     0x000000000003f8b2      0x61e ./system/src/stm32f0-stdperiph/stm32f0xx_rcc.o
                                      0x3f3e6 (size before relaxing)
 .debug_str     0x000000000003fed0      0x80e ./system/src/stm32f0-stdperiph/stm32f0xx_usart.o
                                      0x3f68e (size before relaxing)
 .debug_str     0x00000000000406de     0x27fe ./system/src/newlib/_exit.o
                                       0x4db3 (size before relaxing)
 .debug_str     0x0000000000042edc      0x4de ./system/src/newlib/_sbrk.o
                                       0x4369 (size before relaxing)
 .debug_str     0x00000000000433ba      0x246 ./system/src/newlib/_startup.o
                                       0x3dd9 (size before relaxing)
 .debug_str     0x0000000000043600      0xe3b ./system/src/newlib/_syscalls.o
                                       0x5228 (size before relaxing)
 .debug_str     0x000000000004443b       0xd7 ./system/src/newlib/assert.o
                                       0x577d (size before relaxing)
 .debug_str     0x0000000000044512       0x51 ./system/src/cortexm/_initialize_hardware.o
                                      0x3ed2b (size before relaxing)
 .debug_str     0x0000000000044563       0xa1 ./system/src/cortexm/exception_handlers.o
                                       0x23ae (size before relaxing)
 .debug_str     0x0000000000044604       0x7d ./system/src/cmsis/system_stm32f0xx.o
                                      0x3ee2b (size before relaxing)
 .debug_str     0x0000000000044681       0x56 ./system/src/cmsis/vectors_stm32f0xx.o
                                       0x2391 (size before relaxing)
 .debug_str     0x00000000000446d7     0x2350 ./src/OSC/OSCData.o
                                       0x6686 (size before relaxing)
 .debug_str     0x0000000000046a27      0x1d8 ./src/OSC/OSCMatch.o
                                       0x4b29 (size before relaxing)
 .debug_str     0x0000000000046bff     0x10f0 ./src/OSC/OSCMessage.o
                                       0x7b20 (size before relaxing)
 .debug_str     0x0000000000047cef       0x1c ./src/OSC/SimpleWriter.o
                                       0x5100 (size before relaxing)
 .debug_str     0x0000000000047d0b      0x25a ./src/BlinkLed.o
                                      0x3f14c (size before relaxing)
 .debug_str     0x0000000000047f65      0x2d0 ./src/SLIPEncodedSerial.o
                                      0x3f2c2 (size before relaxing)
 .debug_str     0x0000000000048235      0x27a ./src/Timer.o
                                      0x3f058 (size before relaxing)
 .debug_str     0x00000000000484af      0x9d1 ./src/main.o
                                      0x45849 (size before relaxing)
 .debug_str     0x0000000000048e80      0x28c ./src/midi.o
                                      0x3f24a (size before relaxing)
 .debug_str     0x000000000004910c      0x2f2 ./src/spi.o
                                      0x3f245 (size before relaxing)
 .debug_str     0x00000000000493fe       0x8a ./src/uart.o
                                      0x3f5d3 (size before relaxing)

.debug_loc      0x0000000000000000     0x8054
 *(.debug_loc)
 .debug_loc     0x0000000000000000      0xa9c ./system/src/stm32f0-stdperiph/stm32f0xx_adc.o
 .debug_loc     0x0000000000000a9c      0x2fc ./system/src/stm32f0-stdperiph/stm32f0xx_dma.o
 .debug_loc     0x0000000000000d98      0x4e1 ./system/src/stm32f0-stdperiph/stm32f0xx_gpio.o
 .debug_loc     0x0000000000001279       0xeb ./system/src/stm32f0-stdperiph/stm32f0xx_misc.o
 .debug_loc     0x0000000000001364      0xc3f ./system/src/stm32f0-stdperiph/stm32f0xx_rcc.o
 .debug_loc     0x0000000000001fa3     0x13bf ./system/src/stm32f0-stdperiph/stm32f0xx_usart.o
 .debug_loc     0x0000000000003362       0x70 ./system/src/newlib/_sbrk.o
 .debug_loc     0x00000000000033d2      0x265 ./system/src/newlib/_startup.o
 .debug_loc     0x0000000000003637      0x549 ./system/src/newlib/_syscalls.o
 .debug_loc     0x0000000000003b80       0xc6 ./system/src/newlib/assert.o
 .debug_loc     0x0000000000003c46       0xe2 ./system/src/cmsis/system_stm32f0xx.o
 .debug_loc     0x0000000000003d28      0x4c3 ./src/OSC/OSCData.o
 .debug_loc     0x00000000000041eb      0x67e ./src/OSC/OSCMatch.o
 .debug_loc     0x0000000000004869     0x23f5 ./src/OSC/OSCMessage.o
 .debug_loc     0x0000000000006c5e       0x96 ./src/OSC/SimpleWriter.o
 .debug_loc     0x0000000000006cf4      0x317 ./src/SLIPEncodedSerial.o
 .debug_loc     0x000000000000700b       0x59 ./src/Timer.o
 .debug_loc     0x0000000000007064      0x893 ./src/main.o
 .debug_loc     0x00000000000078f7      0x6c6 ./src/midi.o
 .debug_loc     0x0000000000007fbd       0x97 ./src/uart.o

.debug_macinfo
 *(.debug_macinfo)

.debug_weaknames
 *(.debug_weaknames)

.debug_funcnames
 *(.debug_funcnames)

.debug_typenames
 *(.debug_typenames)

.debug_varnames
 *(.debug_varnames)
OUTPUT(ETC_Controller.elf elf32-littlearm)

.debug_ranges   0x0000000000000000      0xcf8
 .debug_ranges  0x0000000000000000       0xf8 ./system/src/stm32f0-stdperiph/stm32f0xx_adc.o
 .debug_ranges  0x00000000000000f8       0x60 ./system/src/stm32f0-stdperiph/stm32f0xx_dma.o
 .debug_ranges  0x0000000000000158       0x70 ./system/src/stm32f0-stdperiph/stm32f0xx_gpio.o
 .debug_ranges  0x00000000000001c8       0x20 ./system/src/stm32f0-stdperiph/stm32f0xx_misc.o
 .debug_ranges  0x00000000000001e8      0x150 ./system/src/stm32f0-stdperiph/stm32f0xx_rcc.o
 .debug_ranges  0x0000000000000338      0x190 ./system/src/stm32f0-stdperiph/stm32f0xx_usart.o
 .debug_ranges  0x00000000000004c8       0x18 ./system/src/newlib/_exit.o
 .debug_ranges  0x00000000000004e0       0x10 ./system/src/newlib/_sbrk.o
 .debug_ranges  0x00000000000004f0       0x48 ./system/src/newlib/_startup.o
 .debug_ranges  0x0000000000000538       0xc0 ./system/src/newlib/_syscalls.o
 .debug_ranges  0x00000000000005f8       0x18 ./system/src/newlib/assert.o
 .debug_ranges  0x0000000000000610       0x10 ./system/src/cortexm/_initialize_hardware.o
 .debug_ranges  0x0000000000000620       0x38 ./system/src/cortexm/exception_handlers.o
 .debug_ranges  0x0000000000000658       0x20 ./system/src/cmsis/system_stm32f0xx.o
 .debug_ranges  0x0000000000000678       0x10 ./system/src/cmsis/vectors_stm32f0xx.o
 .debug_ranges  0x0000000000000688       0x98 ./src/OSC/OSCData.o
 .debug_ranges  0x0000000000000720       0x88 ./src/OSC/OSCMatch.o
 .debug_ranges  0x00000000000007a8      0x230 ./src/OSC/OSCMessage.o
 .debug_ranges  0x00000000000009d8       0x28 ./src/OSC/SimpleWriter.o
 .debug_ranges  0x0000000000000a00       0x10 ./src/BlinkLed.o
 .debug_ranges  0x0000000000000a10       0x60 ./src/SLIPEncodedSerial.o
 .debug_ranges  0x0000000000000a70       0x38 ./src/Timer.o
 .debug_ranges  0x0000000000000aa8       0xc8 ./src/main.o
 .debug_ranges  0x0000000000000b70      0x128 ./src/midi.o
 .debug_ranges  0x0000000000000c98       0x18 ./src/spi.o
 .debug_ranges  0x0000000000000cb0       0x48 ./src/uart.o

.debug_macro    0x0000000000000000     0xed55
 .debug_macro   0x0000000000000000      0x180 ./system/src/stm32f0-stdperiph/stm32f0xx_adc.o
 .debug_macro   0x0000000000000180      0x826 ./system/src/stm32f0-stdperiph/stm32f0xx_adc.o
 .debug_macro   0x00000000000009a6       0x7a ./system/src/stm32f0-stdperiph/stm32f0xx_adc.o
 .debug_macro   0x0000000000000a20       0x3a ./system/src/stm32f0-stdperiph/stm32f0xx_adc.o
 .debug_macro   0x0000000000000a5a       0x16 ./system/src/stm32f0-stdperiph/stm32f0xx_adc.o
 .debug_macro   0x0000000000000a70       0x44 ./system/src/stm32f0-stdperiph/stm32f0xx_adc.o
 .debug_macro   0x0000000000000ab4      0x209 ./system/src/stm32f0-stdperiph/stm32f0xx_adc.o
 .debug_macro   0x0000000000000cbd       0x1f ./system/src/stm32f0-stdperiph/stm32f0xx_adc.o
 .debug_macro   0x0000000000000cdc      0x242 ./system/src/stm32f0-stdperiph/stm32f0xx_adc.o
 .debug_macro   0x0000000000000f1e     0x5b9e ./system/src/stm32f0-stdperiph/stm32f0xx_adc.o
 .debug_macro   0x0000000000006abc      0x3c9 ./system/src/stm32f0-stdperiph/stm32f0xx_adc.o
 .debug_macro   0x0000000000006e85      0x191 ./system/src/stm32f0-stdperiph/stm32f0xx_adc.o
 .debug_macro   0x0000000000007016       0x46 ./system/src/stm32f0-stdperiph/stm32f0xx_adc.o
 .debug_macro   0x000000000000705c       0xd9 ./system/src/stm32f0-stdperiph/stm32f0xx_adc.o
 .debug_macro   0x0000000000007135       0xef ./system/src/stm32f0-stdperiph/stm32f0xx_adc.o
 .debug_macro   0x0000000000007224      0x184 ./system/src/stm32f0-stdperiph/stm32f0xx_adc.o
 .debug_macro   0x00000000000073a8       0x7c ./system/src/stm32f0-stdperiph/stm32f0xx_adc.o
 .debug_macro   0x0000000000007424      0x295 ./system/src/stm32f0-stdperiph/stm32f0xx_adc.o
 .debug_macro   0x00000000000076b9       0xd7 ./system/src/stm32f0-stdperiph/stm32f0xx_adc.o
 .debug_macro   0x0000000000007790      0x23d ./system/src/stm32f0-stdperiph/stm32f0xx_adc.o
 .debug_macro   0x00000000000079cd      0x185 ./system/src/stm32f0-stdperiph/stm32f0xx_adc.o
 .debug_macro   0x0000000000007b52      0x184 ./system/src/stm32f0-stdperiph/stm32f0xx_adc.o
 .debug_macro   0x0000000000007cd6      0x2a0 ./system/src/stm32f0-stdperiph/stm32f0xx_adc.o
 .debug_macro   0x0000000000007f76       0x70 ./system/src/stm32f0-stdperiph/stm32f0xx_adc.o
 .debug_macro   0x0000000000007fe6       0xdf ./system/src/stm32f0-stdperiph/stm32f0xx_adc.o
 .debug_macro   0x00000000000080c5      0x4e3 ./system/src/stm32f0-stdperiph/stm32f0xx_adc.o
 .debug_macro   0x00000000000085a8      0x4c5 ./system/src/stm32f0-stdperiph/stm32f0xx_adc.o
 .debug_macro   0x0000000000008a6d      0x397 ./system/src/stm32f0-stdperiph/stm32f0xx_adc.o
 .debug_macro   0x0000000000008e04      0x750 ./system/src/stm32f0-stdperiph/stm32f0xx_adc.o
 .debug_macro   0x0000000000009554      0x353 ./system/src/stm32f0-stdperiph/stm32f0xx_adc.o
 .debug_macro   0x00000000000098a7       0x34 ./system/src/stm32f0-stdperiph/stm32f0xx_adc.o
 .debug_macro   0x00000000000098db       0x3a ./system/src/stm32f0-stdperiph/stm32f0xx_adc.o
 .debug_macro   0x0000000000009915      0x2ec ./system/src/stm32f0-stdperiph/stm32f0xx_adc.o
 .debug_macro   0x0000000000009c01      0x1a4 ./system/src/stm32f0-stdperiph/stm32f0xx_dma.o
 .debug_macro   0x0000000000009da5      0x3cf ./system/src/stm32f0-stdperiph/stm32f0xx_dma.o
 .debug_macro   0x000000000000a174      0x28f ./system/src/stm32f0-stdperiph/stm32f0xx_dma.o
 .debug_macro   0x000000000000a403      0x174 ./system/src/stm32f0-stdperiph/stm32f0xx_gpio.o
 .debug_macro   0x000000000000a577      0x17f ./system/src/stm32f0-stdperiph/stm32f0xx_gpio.o
 .debug_macro   0x000000000000a6f6      0x174 ./system/src/stm32f0-stdperiph/stm32f0xx_misc.o
 .debug_macro   0x000000000000a86a       0x34 ./system/src/stm32f0-stdperiph/stm32f0xx_misc.o
 .debug_macro   0x000000000000a89e      0x192 ./system/src/stm32f0-stdperiph/stm32f0xx_rcc.o
 .debug_macro   0x000000000000aa30      0x4dd ./system/src/stm32f0-stdperiph/stm32f0xx_rcc.o
 .debug_macro   0x000000000000af0d      0x18c ./system/src/stm32f0-stdperiph/stm32f0xx_usart.o
 .debug_macro   0x000000000000b099      0x34d ./system/src/stm32f0-stdperiph/stm32f0xx_usart.o
 .debug_macro   0x000000000000b3e6      0x11b ./system/src/newlib/_exit.o
 .debug_macro   0x000000000000b501       0xa3 ./system/src/newlib/_exit.o
 .debug_macro   0x000000000000b5a4      0x10e ./system/src/newlib/_exit.o
 .debug_macro   0x000000000000b6b2       0x86 ./system/src/newlib/_exit.o
 .debug_macro   0x000000000000b738       0x43 ./system/src/newlib/_exit.o
 .debug_macro   0x000000000000b77b       0x10 ./system/src/newlib/_exit.o
 .debug_macro   0x000000000000b78b       0x35 ./system/src/newlib/_exit.o
 .debug_macro   0x000000000000b7c0       0xd1 ./system/src/newlib/_sbrk.o
 .debug_macro   0x000000000000b891       0x19 ./system/src/newlib/_sbrk.o
 .debug_macro   0x000000000000b8aa      0x16d ./system/src/newlib/_sbrk.o
 .debug_macro   0x000000000000ba17       0x10 ./system/src/newlib/_sbrk.o
 .debug_macro   0x000000000000ba27      0x23b ./system/src/newlib/_sbrk.o
 .debug_macro   0x000000000000bc62       0xe7 ./system/src/newlib/_startup.o
 .debug_macro   0x000000000000bd49      0x169 ./system/src/newlib/_syscalls.o
 .debug_macro   0x000000000000beb2       0x1c ./system/src/newlib/_syscalls.o
 .debug_macro   0x000000000000bece       0x10 ./system/src/newlib/_syscalls.o
 .debug_macro   0x000000000000bede       0x10 ./system/src/newlib/_syscalls.o
 .debug_macro   0x000000000000beee       0x10 ./system/src/newlib/_syscalls.o
 .debug_macro   0x000000000000befe       0x35 ./system/src/newlib/_syscalls.o
 .debug_macro   0x000000000000bf33      0x120 ./system/src/newlib/_syscalls.o
 .debug_macro   0x000000000000c053       0x22 ./system/src/newlib/_syscalls.o
 .debug_macro   0x000000000000c075       0x2b ./system/src/newlib/_syscalls.o
 .debug_macro   0x000000000000c0a0      0x118 ./system/src/newlib/_syscalls.o
 .debug_macro   0x000000000000c1b8      0x13a ./system/src/newlib/_syscalls.o
 .debug_macro   0x000000000000c2f2       0x16 ./system/src/newlib/_syscalls.o
 .debug_macro   0x000000000000c308      0x137 ./system/src/newlib/assert.o
 .debug_macro   0x000000000000c43f       0x1c ./system/src/newlib/assert.o
 .debug_macro   0x000000000000c45b      0x20f ./system/src/newlib/assert.o
 .debug_macro   0x000000000000c66a      0x174 ./system/src/cortexm/_initialize_hardware.o
 .debug_macro   0x000000000000c7de       0x1b ./system/src/cortexm/exception_handlers.o
 .debug_macro   0x000000000000c7f9      0x16a ./system/src/cmsis/system_stm32f0xx.o
 .debug_macro   0x000000000000c963       0x1b ./system/src/cmsis/vectors_stm32f0xx.o
 .debug_macro   0x000000000000c97e      0x147 ./src/OSC/OSCData.o
 .debug_macro   0x000000000000cac5       0x1c ./src/OSC/OSCData.o
 .debug_macro   0x000000000000cae1       0x10 ./src/OSC/OSCData.o
 .debug_macro   0x000000000000caf1      0x452 ./src/OSC/OSCData.o
 .debug_macro   0x000000000000cf43      0x2ad ./src/OSC/OSCData.o
 .debug_macro   0x000000000000d1f0       0x10 ./src/OSC/OSCData.o
 .debug_macro   0x000000000000d200       0x1f ./src/OSC/OSCData.o
 .debug_macro   0x000000000000d21f       0xe5 ./src/OSC/OSCMatch.o
 .debug_macro   0x000000000000d304      0x283 ./src/OSC/OSCMatch.o
 .debug_macro   0x000000000000d587       0x16 ./src/OSC/OSCMatch.o
 .debug_macro   0x000000000000d59d      0x1bb ./src/OSC/OSCMessage.o
 .debug_macro   0x000000000000d758       0x16 ./src/OSC/OSCMessage.o
 .debug_macro   0x000000000000d76e       0x97 ./src/OSC/OSCMessage.o
 .debug_macro   0x000000000000d805       0x10 ./src/OSC/OSCMessage.o
 .debug_macro   0x000000000000d815       0xfd ./src/OSC/OSCMessage.o
 .debug_macro   0x000000000000d912       0x16 ./src/OSC/OSCMessage.o
 .debug_macro   0x000000000000d928      0x16c ./src/OSC/OSCMessage.o
 .debug_macro   0x000000000000da94      0x119 ./src/OSC/SimpleWriter.o
 .debug_macro   0x000000000000dbad      0x179 ./src/BlinkLed.o
 .debug_macro   0x000000000000dd26       0x4c ./src/BlinkLed.o
 .debug_macro   0x000000000000dd72      0x18f ./src/SLIPEncodedSerial.o
 .debug_macro   0x000000000000df01       0x16 ./src/SLIPEncodedSerial.o
 .debug_macro   0x000000000000df17       0x16 ./src/SLIPEncodedSerial.o
 .debug_macro   0x000000000000df2d      0x242 ./src/SLIPEncodedSerial.o
 .debug_macro   0x000000000000e16f       0x52 ./src/SLIPEncodedSerial.o
 .debug_macro   0x000000000000e1c1      0x18e ./src/Timer.o
 .debug_macro   0x000000000000e34f      0x353 ./src/main.o
 .debug_macro   0x000000000000e6a2       0xa6 ./src/main.o
 .debug_macro   0x000000000000e748       0x7c ./src/main.o
 .debug_macro   0x000000000000e7c4       0x1c ./src/main.o
 .debug_macro   0x000000000000e7e0      0x1ac ./src/midi.o
 .debug_macro   0x000000000000e98c       0x76 ./src/midi.o
 .debug_macro   0x000000000000ea02      0x179 ./src/spi.o
 .debug_macro   0x000000000000eb7b       0x5e ./src/spi.o
 .debug_macro   0x000000000000ebd9      0x17c ./src/uart.o
